Archive member included because of file (symbol)

D:/work program/CW for MCU 10.6/install/CW MCU v10.6/MCU/ARM_GCC_Support/ewl/lib/armv6-m\libc.a(exit.o)
                              ./Project_Settings/Startup_Code/__arm_start.o (exit)
D:/work program/CW for MCU 10.6/install/CW MCU v10.6/MCU/ARM_GCC_Support/ewl/lib/armv6-m\libc.a(memcpy.o)
                              ./Generated_Code/IntFlashLdd1.o (memcpy)
D:/work program/CW for MCU 10.6/install/CW MCU v10.6/MCU/ARM_GCC_Support/ewl/lib/armv6-m\libc.a(memset.o)
                              ./Project_Settings/Startup_Code/__arm_start.o (memset)
D:/work program/CW for MCU 10.6/install/CW MCU v10.6/MCU/ARM_GCC_Support/ewl/lib/armv6-m\libc.a(printformat_.o)
                              (__pformatter_)
D:/work program/CW for MCU 10.6/install/CW MCU v10.6/MCU/ARM_GCC_Support/ewl/lib/armv6-m\libc.a(scanformat_.o)
                              (__sformatter)
D:/work program/CW for MCU 10.6/install/CW MCU v10.6/MCU/ARM_GCC_Support/ewl/lib/armv6-m\libc.a(ctype_aeabi.o)
                              D:/work program/CW for MCU 10.6/install/CW MCU v10.6/MCU/ARM_GCC_Support/ewl/lib/armv6-m\libc.a(scanformat_.o) (isspace)
D:/work program/CW for MCU 10.6/install/CW MCU v10.6/MCU/ARM_GCC_Support/ewl/lib/armv6-m\libc.a(__strtoul.o)
                              D:/work program/CW for MCU 10.6/install/CW MCU v10.6/MCU/ARM_GCC_Support/ewl/lib/armv6-m\libc.a(scanformat_.o) (__strtoul)
D:/work program/CW for MCU 10.6/install/CW MCU v10.6/MCU/ARM_GCC_Support/ewl/lib/armv6-m\libc.a(__filll_mem.o)
                              D:/work program/CW for MCU 10.6/install/CW MCU v10.6/MCU/ARM_GCC_Support/ewl/lib/armv6-m\libc.a(memset.o) (__fill_mem)
D:/work program/CW for MCU 10.6/install/CW MCU v10.6/MCU/ARM_GCC_Support/ewl/lib/armv6-m\libc.a(memchr.o)
                              D:/work program/CW for MCU 10.6/install/CW MCU v10.6/MCU/ARM_GCC_Support/ewl/lib/armv6-m\libc.a(printformat_.o) (memchr)
D:/work program/CW for MCU 10.6/install/CW MCU v10.6/MCU/ARM_GCC_Support/ewl/lib/armv6-m\libc.a(strchr.o)
                              D:/work program/CW for MCU 10.6/install/CW MCU v10.6/MCU/ARM_GCC_Support/ewl/lib/armv6-m\libc.a(printformat_.o) (strchr)
D:/work program/CW for MCU 10.6/install/CW MCU v10.6/MCU/ARM_GCC_Support/ewl/lib/armv6-m\libc.a(strlen.o)
                              D:/work program/CW for MCU 10.6/install/CW MCU v10.6/MCU/ARM_GCC_Support/ewl/lib/armv6-m\libc.a(printformat_.o) (strlen)
d:/work program/cw for mcu 10.6/install/cw mcu v10.6/cross_tools/arm-none-eabi-gcc-4_7_3/bin/../lib/gcc/arm-none-eabi/4.7.3/armv6-m\libgcc.a(_thumb1_case_sqi.o)
                              D:/work program/CW for MCU 10.6/install/CW MCU v10.6/MCU/ARM_GCC_Support/ewl/lib/armv6-m\libc.a(__strtoul.o) (__gnu_thumb1_case_sqi)
d:/work program/cw for mcu 10.6/install/cw mcu v10.6/cross_tools/arm-none-eabi-gcc-4_7_3/bin/../lib/gcc/arm-none-eabi/4.7.3/armv6-m\libgcc.a(_thumb1_case_uqi.o)
                              D:/work program/CW for MCU 10.6/install/CW MCU v10.6/MCU/ARM_GCC_Support/ewl/lib/armv6-m\libc.a(scanformat_.o) (__gnu_thumb1_case_uqi)
d:/work program/cw for mcu 10.6/install/cw mcu v10.6/cross_tools/arm-none-eabi-gcc-4_7_3/bin/../lib/gcc/arm-none-eabi/4.7.3/armv6-m\libgcc.a(_udivsi3.o)
                              ./Sources/user/statemachine.o (__aeabi_uidiv)
d:/work program/cw for mcu 10.6/install/cw mcu v10.6/cross_tools/arm-none-eabi-gcc-4_7_3/bin/../lib/gcc/arm-none-eabi/4.7.3/armv6-m\libgcc.a(_dvmd_tls.o)
                              d:/work program/cw for mcu 10.6/install/cw mcu v10.6/cross_tools/arm-none-eabi-gcc-4_7_3/bin/../lib/gcc/arm-none-eabi/4.7.3/armv6-m\libgcc.a(_udivsi3.o) (__aeabi_idiv0)
d:/work program/cw for mcu 10.6/install/cw mcu v10.6/cross_tools/arm-none-eabi-gcc-4_7_3/bin/../lib/gcc/arm-none-eabi/4.7.3/armv6-m\libgcc.a(_arm_cmpdf2.o)
                              ./Sources/user/midfunction.o (__aeabi_dcmple)
d:/work program/cw for mcu 10.6/install/cw mcu v10.6/cross_tools/arm-none-eabi-gcc-4_7_3/bin/../lib/gcc/arm-none-eabi/4.7.3/armv6-m\libgcc.a(_arm_cmpsf2.o)
                              ./Sources/user/midfunction.o (__aeabi_fcmple)
d:/work program/cw for mcu 10.6/install/cw mcu v10.6/cross_tools/arm-none-eabi-gcc-4_7_3/bin/../lib/gcc/arm-none-eabi/4.7.3/armv6-m\libgcc.a(_fixunssfsi.o)
                              ./Generated_Code/PwmLdd1.o (__aeabi_f2uiz)
d:/work program/cw for mcu 10.6/install/cw mcu v10.6/cross_tools/arm-none-eabi-gcc-4_7_3/bin/../lib/gcc/arm-none-eabi/4.7.3/armv6-m\libgcc.a(addsf3.o)
                              ./Sources/user/midfunction.o (__aeabi_fadd)
d:/work program/cw for mcu 10.6/install/cw mcu v10.6/cross_tools/arm-none-eabi-gcc-4_7_3/bin/../lib/gcc/arm-none-eabi/4.7.3/armv6-m\libgcc.a(divsf3.o)
                              ./Sources/user/midfunction.o (__aeabi_fdiv)
d:/work program/cw for mcu 10.6/install/cw mcu v10.6/cross_tools/arm-none-eabi-gcc-4_7_3/bin/../lib/gcc/arm-none-eabi/4.7.3/armv6-m\libgcc.a(eqsf2.o)
[...]
Memory Configuration

Name             Origin             Length             Attributes
m_interrupts     0x00000000         0x000000c0         xr
m_text           0x00000410         0x0001fbf0         xr
m_data           0x1ffff000         0x00004000         rw
m_cfmprotrom     0x00000400         0x00000010         xr
*default*        0x00000000         0xffffffff

Linker script and memory map

LOAD ./Generated_Code/dbgPort1.o
LOAD ./Generated_Code/TimerIntLdd1.o
LOAD ./Generated_Code/Timer1.o
LOAD ./Generated_Code/TU3.o
LOAD ./Generated_Code/TU2.o
LOAD ./Generated_Code/TU1.o
LOAD ./Generated_Code/PwmLdd1.o
LOAD ./Generated_Code/PWM1.o
LOAD ./Generated_Code/PE_LDD.o
LOAD ./Generated_Code/IntI2cLdd1.o
LOAD ./Generated_Code/IntFlashLdd1.o
LOAD ./Generated_Code/IIC.o
LOAD ./Generated_Code/IFsh1.o
LOAD ./Generated_Code/GPIO3.o
LOAD ./Generated_Code/GPIO2.o
LOAD ./Generated_Code/GPIO1.o
LOAD ./Generated_Code/FF2.o
LOAD ./Generated_Code/FF1.o
LOAD ./Generated_Code/Cpu.o
LOAD ./Generated_Code/BitIoLdd4.o
LOAD ./Generated_Code/BitIoLdd3.o
LOAD ./Generated_Code/BitIoLdd2.o
LOAD ./Generated_Code/AS1.o
LOAD ./Project_Settings/Startup_Code/__arm_start.o
LOAD ./Project_Settings/Startup_Code/__arm_end.o
LOAD ./Sources/hardware/uart0_master.o
LOAD ./Sources/hardware/uart.o
LOAD ./Sources/hardware/timer.o
LOAD ./Sources/hardware/led.o
LOAD ./Sources/hardware/i2c.o
LOAD ./Sources/hardware/gpio.o
LOAD ./Sources/hardware/flash.o
LOAD ./Sources/hardware/eeprom.o
LOAD ./Sources/hardware/adc.o
LOAD ./Sources/hardware/HWinit.o
LOAD ./Sources/main.o
LOAD ./Sources/Events.o
LOAD ./Sources/user/statemachine.o
LOAD ./Sources/user/motor.o
LOAD ./Sources/user/midfunction.o
LOAD ./Sources/user/globalvars.o
LOAD ./Sources/user/error.o
LOAD ./Sources/user/debug.o
LOAD ./Sources/user/currentbuffer.o
LOAD ./Sources/user/commprotocol.o
LOAD ./Static_Code/Peripherals/WDOG_Init.o
LOAD ./Static_Code/Peripherals/UART2_Init.o
LOAD ./Static_Code/Peripherals/UART1_Init.o
LOAD ./Static_Code/Peripherals/UART0_Init.o
LOAD ./Static_Code/Peripherals/SystemControl_Init.o
LOAD ./Static_Code/Peripherals/SysTick_Init.o
LOAD ./Static_Code/Peripherals/SPI1_Init.o
LOAD ./Static_Code/Peripherals/SPI0_Init.o
LOAD ./Static_Code/Peripherals/SIM_Init.o
LOAD ./Static_Code/Peripherals/RTC_Init.o
LOAD ./Static_Code/Peripherals/PWT_Init.o
LOAD ./Static_Code/Peripherals/PORT_Init.o
LOAD ./Static_Code/Peripherals/PMC_Init.o
LOAD ./Static_Code/Peripherals/PIT_Init.o
LOAD ./Static_Code/Peripherals/NVIC_Init.o
LOAD ./Static_Code/Peripherals/MSCAN_Init.o
LOAD ./Static_Code/Peripherals/MCM_Init.o
LOAD ./Static_Code/Peripherals/KBI1_Init.o
LOAD ./Static_Code/Peripherals/KBI0_Init.o
LOAD ./Static_Code/Peripherals/IRQ_Init.o
LOAD ./Static_Code/Peripherals/I2C1_Init.o
LOAD ./Static_Code/Peripherals/I2C0_Init.o
LOAD ./Static_Code/Peripherals/GPIOC_Init.o
LOAD ./Static_Code/Peripherals/GPIOB_Init.o
LOAD ./Static_Code/Peripherals/GPIOA_Init.o
LOAD ./Static_Code/Peripherals/FTMRE_Init.o
LOAD ./Static_Code/Peripherals/FTM2_Init.o
LOAD ./Static_Code/Peripherals/FTM1_Init.o
LOAD ./Static_Code/Peripherals/FTM0_Init.o
LOAD ./Static_Code/Peripherals/DAC6b1_Init.o
LOAD ./Static_Code/Peripherals/DAC6b0_Init.o
LOAD ./Static_Code/Peripherals/CRC_Init.o
LOAD ./Static_Code/Peripherals/ADC_Init.o
LOAD ./Static_Code/Peripherals/ACMP1_Init.o
LOAD ./Static_Code/Peripherals/ACMP0_Init.o
LOAD ./Static_Code/System/Vectors.o
LOAD ./Static_Code/System/Peripherals_Init.o
LOAD ./Static_Code/System/CPU_Init.o
                0x00007518                __pformatter = __pformatter_
                [0x00007940]                __sformatter = __sformatter
START GROUP
LOAD D:/work program/CW for MCU 10.6/install/CW MCU v10.6/MCU/ARM_GCC_Support/ewl/lib/armv6-m\libc.a
LOAD D:/work program/CW for MCU 10.6/install/CW MCU v10.6/MCU/ARM_GCC_Support/ewl/lib/armv6-m\libm.a
LOAD d:/work program/cw for mcu 10.6/install/cw mcu v10.6/cross_tools/arm-none-eabi-gcc-4_7_3/bin/../lib/gcc/arm-none-eabi/4.7.3/armv6-m\libgcc.a
LOAD D:/work program/CW for MCU 10.6/install/CW MCU v10.6/MCU/ARM_GCC_Support/ewl/lib/armv6-m\librt.a
LOAD D:/work program/CW for MCU 10.6/install/CW MCU v10.6/MCU/ARM_GCC_Support/ewl/lib/armv6-m\libuart.a
END GROUP
                0x20003000                _estack = 0x20003000
                0x20003000                __SP_INIT = _estack
                0x00000000                __heap_size = 0x0
                0x00000400                __stack_size = 0x400

.interrupts     0x00000000       0xc0
                0x00000000                __vector_table = .
                0x00000000                . = ALIGN (0x4)
 *(.vectortable)
 .vectortable   0x00000000       0xc0 ./Static_Code/System/Vectors.o
                0x00000000                __vect_table
                0x000000c0                . = ALIGN (0x4)

.cfmprotect     0x00000400       0x10
                0x00000400                . = ALIGN (0x4)
 *(.cfmconfig)
 .cfmconfig     0x00000400       0x10 ./Static_Code/System/CPU_Init.o
                0x00000400                _cfm
                0x00000410                . = ALIGN (0x4)

.text           0x00000410     0x8400
                0x00000410                . = ALIGN (0x4)
 *(.text)
 .text          0x00000410       0x14 d:/work program/cw for mcu 10.6/install/cw mcu v10.6/cross_tools/arm-none-eabi-gcc-4_7_3/bin/../lib/gcc/arm-none-eabi/4.7.3/armv6-m\libgcc.a(_thumb1_case_sqi.o)
                0x00000410                __gnu_thumb1_case_sqi
 .text          0x00000424       0x14 d:/work program/cw for mcu 10.6/install/cw mcu v10.6/cross_tools/arm-none-eabi-gcc-4_7_3/bin/../lib/gcc/arm-none-eabi/4.7.3/armv6-m\libgcc.a(_thumb1_case_uqi.o)
                0x00000424                __gnu_thumb1_case_uqi
 .text          0x00000438       0x9c d:/work program/cw for mcu 10.6/install/cw mcu v10.6/cross_tools/arm-none-eabi-gcc-4_7_3/bin/../lib/gcc/arm-none-eabi/4.7.3/armv6-m\libgcc.a(_udivsi3.o)
                0x00000438                __aeabi_uidiv
                0x00000438                __udivsi3
                0x000004c0                __aeabi_uidivmod
 .text          0x000004d4        0x4 d:/work program/cw for mcu 10.6/install/cw mcu v10.6/cross_tools/arm-none-eabi-gcc-4_7_3/bin/../lib/gcc/arm-none-eabi/4.7.3/armv6-m\libgcc.a(_dvmd_tls.o)
                0x000004d4                __aeabi_idiv0
                0x000004d4                __aeabi_ldiv0
 .text          0x000004d8       0x7c d:/work program/cw for mcu 10.6/install/cw mcu v10.6/cross_tools/arm-none-eabi-gcc-4_7_3/bin/../lib/gcc/arm-none-eabi/4.7.3/armv6-m\libgcc.a(_arm_cmpdf2.o)
                0x000004d8                __aeabi_cdrcmple
                0x000004e8                __aeabi_cdcmple
                0x000004e8                __aeabi_cdcmpeq
                0x000004f8                __aeabi_dcmpeq
                0x00000504                __aeabi_dcmplt
                0x00000518                __aeabi_dcmple
                0x0000052c                __aeabi_dcmpgt
                0x00000540                __aeabi_dcmpge
 .text          0x00000554       0x74 d:/work program/cw for mcu 10.6/install/cw mcu v10.6/cross_tools/arm-none-eabi-gcc-4_7_3/bin/../lib/gcc/arm-none-eabi/4.7.3/armv6-m\libgcc.a(_arm_cmpsf2.o)
                0x00000554                __aeabi_cfrcmple
                0x0000055c                __aeabi_cfcmpeq
                0x0000055c                __aeabi_cfcmple
                0x0000056c                __aeabi_fcmpeq
                0x00000578                __aeabi_fcmplt
                0x0000058c                __aeabi_fcmple
                0x000005a0                __aeabi_fcmpgt
                0x000005b4                __aeabi_fcmpge
 .text          0x000005c8       0x30 d:/work program/cw for mcu 10.6/install/cw mcu v10.6/cross_tools/arm-none-eabi-gcc-4_7_3/bin/../lib/gcc/arm-none-eabi/4.7.3/armv6-m\libgcc.a(_fixunssfsi.o)
                0x000005c8                __fixunssfsi
                0x000005c8                __aeabi_f2uiz
 .text          0x000005f8      0x3a4 d:/work program/cw for mcu 10.6/install/cw mcu v10.6/cross_tools/arm-none-eabi-gcc-4_7_3/bin/../lib/gcc/arm-none-eabi/4.7.3/armv6-m\libgcc.a(addsf3.o)
                0x000005f8                __aeabi_fadd
 .text          0x0000099c      0x274 d:/work program/cw for mcu 10.6/install/cw mcu v10.6/cross_tools/arm-none-eabi-gcc-4_7_3/bin/../lib/gcc/arm-none-eabi/4.7.3/armv6-m\libgcc.a(divsf3.o)
                0x0000099c                __aeabi_fdiv
 .text          0x00000c10       0x50 d:/work program/cw for mcu 10.6/install/cw mcu v10.6/cross_tools/arm-none-eabi-gcc-4_7_3/bin/../lib/gcc/arm-none-eabi/4.7.3/armv6-m\libgcc.a(eqsf2.o)
                0x00000c10                __eqsf2
                0x00000c10                __nesf2
 .text          0x00000c60       0x90 d:/work program/cw for mcu 10.6/install/cw mcu v10.6/cross_tools/arm-none-eabi-gcc-4_7_3/bin/../lib/gcc/arm-none-eabi/4.7.3/armv6-m\libgcc.a(gesf2.o)
                0x00000c60                __gesf2
                0x00000c60                __gtsf2
 .text          0x00000cf0       0x90 d:/work program/cw for mcu 10.6/install/cw mcu v10.6/cross_tools/arm-none-eabi-gcc-4_7_3/bin/../lib/gcc/arm-none-eabi/4.7.3/armv6-m\libgcc.a(lesf2.o)
                0x00000cf0                __ltsf2
                0x00000cf0                __lesf2
 .text          0x00000d80      0x260 d:/work program/cw for mcu 10.6/install/cw mcu v10.6/cross_tools/arm-none-eabi-gcc-4_7_3/bin/../lib/gcc/arm-none-eabi/4.7.3/armv6-m\libgcc.a(mulsf3.o)
                0x00000d80                __aeabi_fmul
 .text          0x00000fe0      0x3ac d:/work program/cw for mcu 10.6/install/cw mcu v10.6/cross_tools/arm-none-eabi-gcc-4_7_3/bin/../lib/gcc/arm-none-eabi/4.7.3/armv6-m\libgcc.a(subsf3.o)
                0x00000fe0                __aeabi_fsub
 .text          0x0000138c       0x40 d:/work program/cw for mcu 10.6/install/cw mcu v10.6/cross_tools/arm-none-eabi-gcc-4_7_3/bin/../lib/gcc/arm-none-eabi/4.7.3/armv6-m\libgcc.a(fixsfsi.o)
                0x0000138c                __aeabi_f2iz
 .text          0x000013cc       0xa8 d:/work program/cw for mcu 10.6/install/cw mcu v10.6/cross_tools/arm-none-eabi-gcc-4_7_3/bin/../lib/gcc/arm-none-eabi/4.7.3/armv6-m\libgcc.a(floatsisf.o)
                0x000013cc                __aeabi_i2f
 .text          0x00001474       0xa8 d:/work program/cw for mcu 10.6/install/cw mcu v10.6/cross_tools/arm-none-eabi-gcc-4_7_3/bin/../lib/gcc/arm-none-eabi/4.7.3/armv6-m\libgcc.a(floatunsisf.o)
                0x00001474                __aeabi_ui2f
 .text          0x0000151c       0x7c d:/work program/cw for mcu 10.6/install/cw mcu v10.6/cross_tools/arm-none-eabi-gcc-4_7_3/bin/../lib/gcc/arm-none-eabi/4.7.3/armv6-m\libgcc.a(eqdf2.o)
                0x0000151c                __nedf2
                0x0000151c                __eqdf2
 .text          0x00001598       0xe8 d:/work program/cw for mcu 10.6/install/cw mcu v10.6/cross_tools/arm-none-eabi-gcc-4_7_3/bin/../lib/gcc/arm-none-eabi/4.7.3/armv6-m\libgcc.a(gedf2.o)
                0x00001598                __gedf2
                0x00001598                __gtdf2
 .text          0x00001680       0xd8 d:/work program/cw for mcu 10.6/install/cw mcu v10.6/cross_tools/arm-none-eabi-gcc-4_7_3/bin/../lib/gcc/arm-none-eabi/4.7.3/armv6-m\libgcc.a(ledf2.o)
                0x00001680                __ledf2
                0x00001680                __ltdf2
 .text          0x00001758      0x4e4 d:/work program/cw for mcu 10.6/install/cw mcu v10.6/cross_tools/arm-none-eabi-gcc-4_7_3/bin/../lib/gcc/arm-none-eabi/4.7.3/armv6-m\libgcc.a(muldf3.o)
                0x00001758                __aeabi_dmul
 .text          0x00001c3c      0x6f8 d:/work program/cw for mcu 10.6/install/cw mcu v10.6/cross_tools/arm-none-eabi-gcc-4_7_3/bin/../lib/gcc/arm-none-eabi/4.7.3/armv6-m\libgcc.a(subdf3.o)
                0x00001c3c                __aeabi_dsub
 .text          0x00002334       0x74 d:/work program/cw for mcu 10.6/install/cw mcu v10.6/cross_tools/arm-none-eabi-gcc-4_7_3/bin/../lib/gcc/arm-none-eabi/4.7.3/armv6-m\libgcc.a(floatsidf.o)
                0x00002334                __aeabi_i2d
 .text          0x000023a8       0xa8 d:/work program/cw for mcu 10.6/install/cw mcu v10.6/cross_tools/arm-none-eabi-gcc-4_7_3/bin/../lib/gcc/arm-none-eabi/4.7.3/armv6-m\libgcc.a(extendsfdf2.o)
                0x000023a8                __aeabi_f2d
 .text          0x00002450      0x134 d:/work program/cw for mcu 10.6/install/cw mcu v10.6/cross_tools/arm-none-eabi-gcc-4_7_3/bin/../lib/gcc/arm-none-eabi/4.7.3/armv6-m\libgcc.a(truncdfsf2.o)
                0x00002450                __aeabi_d2f
 .text          0x00002584       0x3c d:/work program/cw for mcu 10.6/install/cw mcu v10.6/cross_tools/arm-none-eabi-gcc-4_7_3/bin/../lib/gcc/arm-none-eabi/4.7.3/armv6-m\libgcc.a(_clzsi2.o)
                0x00002584                __clzsi2
 *(.text*)
 .text.TimerIntLdd1_Init
                0x000025c0       0x50 ./Generated_Code/TimerIntLdd1.o
                0x000025c0                TimerIntLdd1_Init
 .text.TimerIntLdd1_Enable
                0x00002610       0x30 ./Generated_Code/TimerIntLdd1.o
                0x00002610                TimerIntLdd1_Enable
 .text.TU1_OnCounterRestart
                0x00002640       0x24 ./Generated_Code/TimerIntLdd1.o
                0x00002640                TU1_OnCounterRestart
 .text.TimerIntLdd1_OnInterrupt
                0x00002664       0x14 ./Generated_Code/Timer1.o
                0x00002664                TimerIntLdd1_OnInterrupt
 .text.TU3_Init
                0x00002678      0x11c ./Generated_Code/TU3.o
                0x00002678                TU3_Init
 .text.TU3_Enable
                0x00002794       0x30 ./Generated_Code/TU3.o
                0x00002794                TU3_Enable
 .text.TU3_Disable
                0x000027c4       0x24 ./Generated_Code/TU3.o
                0x000027c4                TU3_Disable
 .text.TU3_GetPeriodTicks
                0x000027e8       0x3c ./Generated_Code/TU3.o
                0x000027e8                TU3_GetPeriodTicks
 .text.TU3_ResetCounter
                0x00002824       0x1c ./Generated_Code/TU3.o
                0x00002824                TU3_ResetCounter
 .text.TU3_SetOffsetTicks
                0x00002840       0x58 ./Generated_Code/TU3.o
                0x00002840                TU3_SetOffsetTicks
 .text.TU3_Interrupt
                0x00002898       0x5c ./Generated_Code/TU3.o
                0x00002898                TU3_Interrupt
 .text.TU2_Init
                0x000028f4       0xb0 ./Generated_Code/TU2.o
                0x000028f4                TU2_Init
 .text.TU2_Enable
                0x000029a4       0x30 ./Generated_Code/TU2.o
                0x000029a4                TU2_Enable
 .text.TU2_Disable
                0x000029d4       0x24 ./Generated_Code/TU2.o
                0x000029d4                TU2_Disable
 .text.TU2_SetPeriodTicks
                0x000029f8       0x3c ./Generated_Code/TU2.o
                0x000029f8                TU2_SetPeriodTicks
 .text.TU2_ResetCounter
                0x00002a34       0x1c ./Generated_Code/TU2.o
                0x00002a34                TU2_ResetCounter
 .text.TU2_Interrupt
                0x00002a50       0x5c ./Generated_Code/TU2.o
                0x00002a50                TU2_Interrupt
 .text.TU1_Init
                0x00002aac       0xdc ./Generated_Code/TU1.o
                0x00002aac                TU1_Init
 .text.TU1_Enable
                0x00002b88       0x30 ./Generated_Code/TU1.o
                0x00002b88                TU1_Enable
 .text.TU1_Interrupt
                0x00002bb8       0x5c ./Generated_Code/TU1.o
                0x00002bb8                TU1_Interrupt
 .text.PwmLdd1_Init
                0x00002c14       0x58 ./Generated_Code/PwmLdd1.o
                0x00002c14                PwmLdd1_Init
 .text.PwmLdd1_Enable
                0x00002c6c       0x30 ./Generated_Code/PwmLdd1.o
                0x00002c6c                PwmLdd1_Enable
 .text.PwmLdd1_Disable
                0x00002c9c       0x48 ./Generated_Code/PwmLdd1.o
                0x00002c9c                PwmLdd1_Disable
 .text.PwmLdd1_SetRatio16
                0x00002ce4       0x2c ./Generated_Code/PwmLdd1.o
                0x00002ce4                PwmLdd1_SetRatio16
 .text.TU3_OnCounterRestart
                0x00002d10       0x24 ./Generated_Code/PwmLdd1.o
                0x00002d10                TU3_OnCounterRestart
 .text.SetRatio
                0x00002d34       0x68 ./Generated_Code/PwmLdd1.o
 .text.PwmLdd1_OnEnd
                0x00002d9c       0x14 ./Generated_Code/PWM1.o
                0x00002d9c                PwmLdd1_OnEnd
 .text.IntI2cLdd1_Init
                0x00002db0       0xc8 ./Generated_Code/IntI2cLdd1.o
                0x00002db0                IntI2cLdd1_Init
 .text.CheckStateAndRange
                0x00002e78       0x48 ./Generated_Code/IntFlashLdd1.o
 .text.IntFlashLdd1_Init
                0x00002ec0       0x94 ./Generated_Code/IntFlashLdd1.o
                0x00002ec0                IntFlashLdd1_Init
 .text.IntFlashLdd1_Read
                0x00002f54       0x64 ./Generated_Code/IntFlashLdd1.o
                0x00002f54                IntFlashLdd1_Read
 .text.IntFlashLdd1_Write
                0x00002fb8       0x88 ./Generated_Code/IntFlashLdd1.o
                0x00002fb8                IntFlashLdd1_Write
 .text.IntFlashLdd1_Erase
                0x00003040       0x88 ./Generated_Code/IntFlashLdd1.o
                0x00003040                IntFlashLdd1_Erase
 .text.IntFlashLdd1_GetError
                0x000030c8       0x8c ./Generated_Code/IntFlashLdd1.o
                0x000030c8                IntFlashLdd1_GetError
 .text.IntFlashLdd1_Main
                0x00003154      0x2b8 ./Generated_Code/IntFlashLdd1.o
                0x00003154                IntFlashLdd1_Main
 .text.IntFlashLdd1_CommandCompleteInterrupt
                0x0000340c       0x20 ./Generated_Code/IntFlashLdd1.o
                0x0000340c                IntFlashLdd1_CommandCompleteInterrupt
 .text.IIC_Init
                0x0000342c       0x18 ./Generated_Code/IIC.o
                0x0000342c                IIC_Init
 .text.IFsh1_GetFlash
                0x00003444       0x9c ./Generated_Code/IFsh1.o
                0x00003444                IFsh1_GetFlash
 .text.IFsh1_SetFlash
                0x000034e0       0x94 ./Generated_Code/IFsh1.o
                0x000034e0                IFsh1_SetFlash
 .text.IFsh1_Init
                0x00003574       0x38 ./Generated_Code/IFsh1.o
                0x00003574                IFsh1_Init
 .text.IFsh1_EraseSector
                0x000035ac       0x90 ./Generated_Code/IFsh1.o
                0x000035ac                IFsh1_EraseSector
 .text.IFsh1_SetByteFlash
                0x0000363c       0x28 ./Generated_Code/IFsh1.o
                0x0000363c                IFsh1_SetByteFlash
 .text.IFsh1_GetByteFlash
                0x00003664       0x24 ./Generated_Code/IFsh1.o
                0x00003664                IFsh1_GetByteFlash
 .text.IntFlashLdd1_OnOperationComplete
                0x00003688       0x64 ./Generated_Code/IFsh1.o
                0x00003688                IntFlashLdd1_OnOperationComplete
 .text.IntFlashLdd1_OnError
                0x000036ec       0x58 ./Generated_Code/IFsh1.o
                0x000036ec                IntFlashLdd1_OnError
 .text.GPIO3_Init
                0x00003744       0x48 ./Generated_Code/GPIO3.o
                0x00003744                GPIO3_Init
 .text.GPIO3_SetFieldValue
                0x0000378c       0x5c ./Generated_Code/GPIO3.o
                0x0000378c                GPIO3_SetFieldValue
 .text.GPIO2_Init
                0x000037e8       0x50 ./Generated_Code/GPIO2.o
                0x000037e8                GPIO2_Init
 .text.GPIO2_SetFieldValue
                0x00003838       0x80 ./Generated_Code/GPIO2.o
                0x00003838                GPIO2_SetFieldValue
 .text.GPIO1_Init
                0x000038b8       0x68 ./Generated_Code/GPIO1.o
                0x000038b8                GPIO1_Init
 .text.GPIO1_SetFieldValue
                0x00003920       0xf4 ./Generated_Code/GPIO1.o
                0x00003920                GPIO1_SetFieldValue
 .text.Components_Init
                0x00003a14       0x40 ./Generated_Code/Cpu.o
                0x00003a14                Components_Init
 .text.BitIoLdd4_Init
                0x00003a54       0x58 ./Generated_Code/BitIoLdd4.o
                0x00003a54                BitIoLdd4_Init
 .text.BitIoLdd4_GetVal
                0x00003aac       0x44 ./Generated_Code/BitIoLdd4.o
                0x00003aac                BitIoLdd4_GetVal
 .text.BitIoLdd3_Init
                0x00003af0       0x54 ./Generated_Code/BitIoLdd3.o
                0x00003af0                BitIoLdd3_Init
 .text.BitIoLdd3_SetInput
                0x00003b44       0x2c ./Generated_Code/BitIoLdd3.o
                0x00003b44                BitIoLdd3_SetInput
 .text.BitIoLdd3_SetOutput
                0x00003b70       0x20 ./Generated_Code/BitIoLdd3.o
                0x00003b70                BitIoLdd3_SetOutput
 .text.BitIoLdd3_GetVal
                0x00003b90       0x3c ./Generated_Code/BitIoLdd3.o
                0x00003b90                BitIoLdd3_GetVal
 .text.BitIoLdd3_ClrVal
                0x00003bcc       0x18 ./Generated_Code/BitIoLdd3.o
                0x00003bcc                BitIoLdd3_ClrVal
 .text.BitIoLdd3_SetVal
                0x00003be4       0x18 ./Generated_Code/BitIoLdd3.o
                0x00003be4                BitIoLdd3_SetVal
 .text.BitIoLdd2_Init
                0x00003bfc       0x4c ./Generated_Code/BitIoLdd2.o
                0x00003bfc                BitIoLdd2_Init
 .text.InterruptRx
                0x00003c48       0x58 ./Generated_Code/AS1.o
 .text.InterruptTx
                0x00003ca0       0x80 ./Generated_Code/AS1.o
 .text.AS1_Interrupt
                0x00003d20       0x64 ./Generated_Code/AS1.o
                0x00003d20                AS1_Interrupt
 .text.zero_fill_bss
                0x00003d84       0x24 ./Project_Settings/Startup_Code/__arm_start.o
 .text.__thumb_startup
                0x00003da8       0x30 ./Project_Settings/Startup_Code/__arm_start.o
                0x00003da8                __thumb_startup
 .text._ExitProcess
                0x00003dd8        0xc ./Project_Settings/Startup_Code/__arm_end.o
                0x00003dd8                _ExitProcess
 .text.uart0_master_init
                0x00003de4       0x78 ./Sources/hardware/uart0_master.o
                0x00003de4                uart0_master_init
 .text.uart0_master_wr
                0x00003e5c       0x68 ./Sources/hardware/uart0_master.o
                0x00003e5c                uart0_master_wr
 .text.timer_init
                0x00003ec4       0x20 ./Sources/hardware/timer.o
                0x00003ec4                timer_init
 .text.timer1_init
                0x00003ee4       0x10 ./Sources/hardware/timer.o
                0x00003ee4                timer1_init
 .text.timer1_enable
                0x00003ef4       0x18 ./Sources/hardware/timer.o
                0x00003ef4                timer1_enable
 .text.timer1_set_centerAlign
                0x00003f0c       0x18 ./Sources/hardware/timer.o
                0x00003f0c                timer1_set_centerAlign
 .text.timer2_init
                0x00003f24       0x1c ./Sources/hardware/timer.o
                0x00003f24                timer2_init
 .text.timer2_enable
                0x00003f40       0x18 ./Sources/hardware/timer.o
                0x00003f40                timer2_enable
 .text.timer2_disable
                0x00003f58       0x18 ./Sources/hardware/timer.o
                0x00003f58                timer2_disable
 .text.timer2_set_centerAlign
                0x00003f70       0x18 ./Sources/hardware/timer.o
                0x00003f70                timer2_set_centerAlign
 .text.timer_pwm_set_leftAlign
                0x00003f88       0x14 ./Sources/hardware/timer.o
                0x00003f88                timer_pwm_set_leftAlign
 .text.timer_pwm_init
                0x00003f9c       0x10 ./Sources/hardware/timer.o
                0x00003f9c                timer_pwm_init
 .text.timer_pwm_enable
                0x00003fac       0x18 ./Sources/hardware/timer.o
                0x00003fac                timer_pwm_enable
 .text.timer_pwm_disable
                0x00003fc4       0x18 ./Sources/hardware/timer.o
                0x00003fc4                timer_pwm_disable
 .text.pwm_init
                0x00003fdc        0xc ./Sources/hardware/timer.o
                0x00003fdc                pwm_init
 .text.pwm_set_duty_cycle
                0x00003fe8       0x40 ./Sources/hardware/timer.o
                0x00003fe8                pwm_set_duty_cycle
 .text.pwm_clear_duty_cycle
                0x00004028       0x18 ./Sources/hardware/timer.o
                0x00004028                pwm_clear_duty_cycle
 .text.start_timer2_for_closedloop
                0x00004040       0x34 ./Sources/hardware/timer.o
                0x00004040                start_timer2_for_closedloop
 .text.start_timer2_for_openloop
                0x00004074       0x34 ./Sources/hardware/timer.o
                0x00004074                start_timer2_for_openloop
 .text.led_init
                0x000040a8       0x28 ./Sources/hardware/led.o
                0x000040a8                led_init
 .text.led_updateDisplay
                0x000040d0       0xcc ./Sources/hardware/led.o
                0x000040d0                led_updateDisplay
 .text.i2c_init
                0x0000419c        0xc ./Sources/hardware/i2c.o
                0x0000419c                i2c_init
 .text.gpio_init
                0x000041a8       0x94 ./Sources/hardware/gpio.o
                0x000041a8                gpio_init
 .text.gpio_wr  0x0000423c       0x74 ./Sources/hardware/gpio.o
                0x0000423c                gpio_wr
 .text.Flash_init
                0x000042b0        0xc ./Sources/hardware/flash.o
                0x000042b0                Flash_init
 .text.Flash_EraseSector
                0x000042bc       0x28 ./Sources/hardware/flash.o
                0x000042bc                Flash_EraseSector
 .text.Flash_SetBytes
                0x000042e4       0x70 ./Sources/hardware/flash.o
                0x000042e4                Flash_SetBytes
 .text.Flash_GetBytes
                0x00004354       0x70 ./Sources/hardware/flash.o
                0x00004354                Flash_GetBytes
 .text.Flash_Disable
                0x000043c4       0x60 ./Sources/hardware/flash.o
                0x000043c4                Flash_Disable
 .text.adc_init
                0x00004424       0x40 ./Sources/hardware/adc.o
                0x00004424                adc_init
 .text.adc_rd   0x00004464       0x54 ./Sources/hardware/adc.o
                0x00004464                adc_rd
 .text.sys_init
                0x000044b8       0x28 ./Sources/hardware/HWinit.o
                0x000044b8                sys_init
 .text.SaveVers
                0x000044e0       0xc8 ./Sources/hardware/HWinit.o
                0x000044e0                SaveVers
 .text.main     0x000045a8      0x1a4 ./Sources/main.o
                0x000045a8                main
 .text.TU2_OnCounterRestart
                0x0000474c       0x78 ./Sources/Events.o
                0x0000474c                TU2_OnCounterRestart
 .text.PWM1_OnEnd
                0x000047c4      0x13c ./Sources/Events.o
                0x000047c4                PWM1_OnEnd
 .text.Timer1_OnInterrupt
                0x00004900       0xfc ./Sources/Events.o
                0x00004900                Timer1_OnInterrupt
 .text.AS1_OnBlockReceived
                0x000049fc       0x10 ./Sources/Events.o
                0x000049fc                AS1_OnBlockReceived
 .text.AS1_OnBlockSent
                0x00004a0c       0x10 ./Sources/Events.o
                0x00004a0c                AS1_OnBlockSent
 .text.IFsh1_OnWritePageEnd
                0x00004a1c        0x8 ./Sources/Events.o
                0x00004a1c                IFsh1_OnWritePageEnd
 .text.IFsh1_OnWriteEnd
                0x00004a24        0x8 ./Sources/Events.o
                0x00004a24                IFsh1_OnWriteEnd
 .text.stateErrorProcess
                0x00004a2c        0xc ./Sources/user/statemachine.o
                0x00004a2c                stateErrorProcess
 .text.stateVoidProcess
                0x00004a38       0x14 ./Sources/user/statemachine.o
                0x00004a38                stateVoidProcess
 .text.stateHaltProcess
                0x00004a4c        0xc ./Sources/user/statemachine.o
                0x00004a4c                stateHaltProcess
 .text.stateAlignmentProcess
                0x00004a58      0x108 ./Sources/user/statemachine.o
                0x00004a58                stateAlignmentProcess
 .text.stateStartProcess
                0x00004b60      0x230 ./Sources/user/statemachine.o
                0x00004b60                stateStartProcess
 .text.stateStableProcess
                0x00004d90       0xd0 ./Sources/user/statemachine.o
                0x00004d90                stateStableProcess
 .text.stateRunProcess
                0x00004e60       0xfc ./Sources/user/statemachine.o
                0x00004e60                stateRunProcess
 .text.stateNoWaterProcess
                0x00004f5c       0xfc ./Sources/user/statemachine.o
                0x00004f5c                stateNoWaterProcess
 .text.stateDownProcess
                0x00005058      0x100 ./Sources/user/statemachine.o
                0x00005058                stateDownProcess
 .text.getInsideEvt
                0x00005158      0x194 ./Sources/user/statemachine.o
                0x00005158                getInsideEvt
 .text.stateTransition
                0x000052ec      0x3e4 ./Sources/user/statemachine.o
                0x000052ec                stateTransition
 .text.AppStateMachine
                0x000056d0       0x98 ./Sources/user/statemachine.o
                0x000056d0                AppStateMachine
 .text.phaseAB_
                0x00005768       0x64 ./Sources/user/motor.o
 .text.phaseAC_
                0x000057cc       0x64 ./Sources/user/motor.o
 .text.phaseBC_
                0x00005830       0x64 ./Sources/user/motor.o
 .text.phaseBA_
                0x00005894       0x64 ./Sources/user/motor.o
 .text.phaseCA_
                0x000058f8       0x64 ./Sources/user/motor.o
 .text.phaseCB_
                0x0000595c       0x64 ./Sources/user/motor.o
 .text.reset_pre_driver
                0x000059c0       0x30 ./Sources/user/motor.o
 .text.pre_driver_enable
                0x000059f0       0x28 ./Sources/user/motor.o
 .text.pre_driver_disable
                0x00005a18       0x28 ./Sources/user/motor.o
 .text.motor_setPhase
                0x00005a40       0x44 ./Sources/user/motor.o
                0x00005a40                motor_setPhase
 .text.motor_disable
                0x00005a84       0x14 ./Sources/user/motor.o
                0x00005a84                motor_disable
 .text.motor_enable
                0x00005a98       0x14 ./Sources/user/motor.o
                0x00005a98                motor_enable
 .text.motor_setDutyCycle
                0x00005aac       0x1c ./Sources/user/motor.o
                0x00005aac                motor_setDutyCycle
 .text.motor_setAlign
                0x00005ac8       0x64 ./Sources/user/motor.o
                0x00005ac8                motor_setAlign
 .text.delay    0x00005b2c       0x28 ./Sources/user/midfunction.o
                0x00005b2c                delay
 .text.getDCBusVolt
                0x00005b54       0x14 ./Sources/user/midfunction.o
                0x00005b54                getDCBusVolt
 .text.getCurrent
                0x00005b68       0x14 ./Sources/user/midfunction.o
                0x00005b68                getCurrent
 .text.getMCUTemper
                0x00005b7c       0x14 ./Sources/user/midfunction.o
                0x00005b7c                getMCUTemper
 .text.zeroCrossDetect
                0x00005b90      0x1d4 ./Sources/user/midfunction.o
                0x00005b90                zeroCrossDetect
 .text.T1CntToSpeed
                0x00005d64       0x48 ./Sources/user/midfunction.o
                0x00005d64                T1CntToSpeed
 .text.getCurSpeed
                0x00005dac       0x50 ./Sources/user/midfunction.o
                0x00005dac                getCurSpeed
 *fill*         0x00005dfc        0x4 00
 .text.modifyDutyCycle
                0x00005e00      0x5c8 ./Sources/user/midfunction.o
                0x00005e00                modifyDutyCycle
 .text.mcuMeasure
                0x000063c8       0x80 ./Sources/user/midfunction.o
                0x000063c8                mcuMeasure
 .text.overVoltage
                0x00006448       0x20 ./Sources/user/midfunction.o
                0x00006448                overVoltage
 .text.underVoltage
                0x00006468       0x20 ./Sources/user/midfunction.o
                0x00006468                underVoltage
 .text.checkVoltage
                0x00006488       0xc4 ./Sources/user/midfunction.o
                0x00006488                checkVoltage
 .text.getPumpSpeed
                0x0000654c       0x1c ./Sources/user/midfunction.o
                0x0000654c                getPumpSpeed
 .text.globalParameter_init
                0x00006568      0x10c ./Sources/user/globalvars.o
                0x00006568                globalParameter_init
 .text.clearMotorState
                0x00006674       0x50 ./Sources/user/error.o
                0x00006674                clearMotorState
 .text.checkCurrent
                0x000066c4       0x34 ./Sources/user/error.o
                0x000066c4                checkCurrent
 .text.rdPredriverError
                0x000066f8       0x9c ./Sources/user/error.o
                0x000066f8                rdPredriverError
 .text.checkGeneralError
                0x00006794       0x70 ./Sources/user/error.o
                0x00006794                checkGeneralError
 .text.errorCheck
                0x00006804      0x34c ./Sources/user/error.o
                0x00006804                errorCheck
 .text.errorFilter
                0x00006b50      0x100 ./Sources/user/error.o
                0x00006b50                errorFilter
 .text.errorHandle
                0x00006c50      0x144 ./Sources/user/error.o
                0x00006c50                errorHandle
 .text.currBuff_Clear
                0x00006d94       0x78 ./Sources/user/currentbuffer.o
                0x00006d94                currBuff_Clear
 .text.currBuff_Average
                0x00006e0c       0xb8 ./Sources/user/currentbuffer.o
                0x00006e0c                currBuff_Average
 .text.currBuff_Push
                0x00006ec4       0xc8 ./Sources/user/currentbuffer.o
                0x00006ec4                currBuff_Push
 .text.UnhandledInterrupt
                0x00006f8c        0xc ./Static_Code/System/Vectors.o
                0x00006f8c                UnhandledInterrupt
 .text.__init_hardware
                0x00006f98       0x50 ./Static_Code/System/CPU_Init.o
                0x00006f98                __init_hardware
 .text.PE_low_level_init
                0x00006fe8       0x44 ./Static_Code/System/CPU_Init.o
                0x00006fe8                PE_low_level_init
 .text.CPU_GetClockGenMode
                0x0000702c       0x6c ./Static_Code/System/CPU_Init.o
                0x0000702c                CPU_GetClockGenMode
 .text.CPU_SetClockConfigGenMode
                0x00007098      0x28c ./Static_Code/System/CPU_Init.o
                0x00007098                CPU_SetClockConfigGenMode
 .text.exit     0x00007324       0x38 D:/work program/CW for MCU 10.6/install/CW MCU v10.6/MCU/ARM_GCC_Support/ewl/lib/armv6-m\libc.a(exit.o)
                0x00007324                exit
 .text.memcpy   0x0000735c       0x12 D:/work program/CW for MCU 10.6/install/CW MCU v10.6/MCU/ARM_GCC_Support/ewl/lib/armv6-m\libc.a(memcpy.o)
                0x0000735c                memcpy
 .text.memset   0x0000736e        0xc D:/work program/CW for MCU 10.6/install/CW MCU v10.6/MCU/ARM_GCC_Support/ewl/lib/armv6-m\libc.a(memset.o)
                0x0000736e                memset
 *fill*         0x0000737a        0x2 00
 .text.long2str.isra.0
                0x0000737c      0x19c D:/work program/CW for MCU 10.6/install/CW MCU v10.6/MCU/ARM_GCC_Support/ewl/lib/armv6-m\libc.a(printformat_.o)
 .text.__pformatter_
                0x00007518      0x428 D:/work program/CW for MCU 10.6/install/CW MCU v10.6/MCU/ARM_GCC_Support/ewl/lib/armv6-m\libc.a(printformat_.o)
                0x00007518                __pformatter_
 .text.__sformatter
                0x00007940      0x698 D:/work program/CW for MCU 10.6/install/CW MCU v10.6/MCU/ARM_GCC_Support/ewl/lib/armv6-m\libc.a(scanformat_.o)
                0x00007940                __sformatter
 .text.isalpha  0x00007fd8       0x20 D:/work program/CW for MCU 10.6/install/CW MCU v10.6/MCU/ARM_GCC_Support/ewl/lib/armv6-m\libc.a(ctype_aeabi.o)
                0x00007fd8                isalpha
 .text.isspace  0x00007ff8       0x20 D:/work program/CW for MCU 10.6/install/CW MCU v10.6/MCU/ARM_GCC_Support/ewl/lib/armv6-m\libc.a(ctype_aeabi.o)
                0x00007ff8                isspace
 .text.toupper  0x00008018        0xe D:/work program/CW for MCU 10.6/install/CW MCU v10.6/MCU/ARM_GCC_Support/ewl/lib/armv6-m\libc.a(ctype_aeabi.o)
                0x00008018                toupper
 .text.__strtoul
                0x00008026      0x1ce D:/work program/CW for MCU 10.6/install/CW MCU v10.6/MCU/ARM_GCC_Support/ewl/lib/armv6-m\libc.a(__strtoul.o)
                0x00008026                __strtoul
 .text.__fill_mem
                0x000081f4       0x7e D:/work program/CW for MCU 10.6/install/CW MCU v10.6/MCU/ARM_GCC_Support/ewl/lib/armv6-m\libc.a(__filll_mem.o)
                0x000081f4                __fill_mem
 .text.memchr   0x00008272       0x1a D:/work program/CW for MCU 10.6/install/CW MCU v10.6/MCU/ARM_GCC_Support/ewl/lib/armv6-m\libc.a(memchr.o)
                0x00008272                memchr
 .text.strchr   0x0000828c       0x1e D:/work program/CW for MCU 10.6/install/CW MCU v10.6/MCU/ARM_GCC_Support/ewl/lib/armv6-m\libc.a(strchr.o)
                0x0000828c                strchr
 .text.strlen   0x000082aa       0x10 D:/work program/CW for MCU 10.6/install/CW MCU v10.6/MCU/ARM_GCC_Support/ewl/lib/armv6-m\libc.a(strlen.o)
                0x000082aa                strlen
 *fill*         0x000082ba        0x2 00
 .text.__init_cpp
                0x000082bc       0x48 D:/work program/CW for MCU 10.6/install/CW MCU v10.6/MCU/ARM_GCC_Support/ewl/lib/armv6-m\librt.a(gcc_ctor_dtor.o)
                0x000082bc                __init_cpp
 .text.__fini_cpp
                0x00008304       0x34 D:/work program/CW for MCU 10.6/install/CW MCU v10.6/MCU/ARM_GCC_Support/ewl/lib/armv6-m\librt.a(gcc_ctor_dtor.o)
                0x00008304                __fini_cpp
 .text.__copy_rom_section
                0x00008338       0x48 D:/work program/CW for MCU 10.6/install/CW MCU v10.6/MCU/ARM_GCC_Support/ewl/lib/armv6-m\librt.a(ROMCopy.o)
                0x00008338                __copy_rom_section
 .text.__copy_rom_sections_to_ram
                0x00008380       0x34 D:/work program/CW for MCU 10.6/install/CW MCU v10.6/MCU/ARM_GCC_Support/ewl/lib/armv6-m\librt.a(ROMCopy.o)
                0x00008380                __copy_rom_sections_to_ram
 .text.__destroy_global_chain
                0x000083b4       0x1c D:/work program/CW for MCU 10.6/install/CW MCU v10.6/MCU/ARM_GCC_Support/ewl/lib/armv6-m\librt.a(__arm_eabi_init.o)
                0x000083b4                __destroy_global_chain
 .text.__init_registers
                0x000083d0       0x1c D:/work program/CW for MCU 10.6/install/CW MCU v10.6/MCU/ARM_GCC_Support/ewl/lib/armv6-m\librt.a(__arm_eabi_init.o)
                0x000083d0                __init_registers
 .text.__init_user
                0x000083ec        0x4 D:/work program/CW for MCU 10.6/install/CW MCU v10.6/MCU/ARM_GCC_Support/ewl/lib/armv6-m\librt.a(__arm_eabi_init.o)
                0x000083ec                __init_user
 *(.rodata)
 .rodata        0x000083f0        0x8 ./Sources/hardware/adc.o
 .rodata        0x000083f8       0x40 d:/work program/cw for mcu 10.6/install/cw mcu v10.6/cross_tools/arm-none-eabi-gcc-4_7_3/bin/../lib/gcc/arm-none-eabi/4.7.3/armv6-m\libgcc.a(divsf3.o)
 .rodata        0x00008438       0x40 d:/work program/cw for mcu 10.6/install/cw mcu v10.6/cross_tools/arm-none-eabi-gcc-4_7_3/bin/../lib/gcc/arm-none-eabi/4.7.3/armv6-m\libgcc.a(mulsf3.o)
 .rodata        0x00008478       0x40 d:/work program/cw for mcu 10.6/install/cw mcu v10.6/cross_tools/arm-none-eabi-gcc-4_7_3/bin/../lib/gcc/arm-none-eabi/4.7.3/armv6-m\libgcc.a(muldf3.o)
 *(.rodata*)
 .rodata.ChannelDevice
                0x000084b8        0x4 ./Generated_Code/TU3.o
 .rodata.ChannelMode
                0x000084bc        0x4 ./Generated_Code/TU3.o
 .rodata.SafeRoutine
                0x000084c0       0x18 ./Generated_Code/IntFlashLdd1.o
 .rodata.GPIO1_SetFieldValue
                0x000084d8       0x1c ./Generated_Code/GPIO1.o
 .rodata.led_updateDisplay
                0x000084f4       0x20 ./Sources/hardware/led.o
 .rodata.Version_Buf
                0x00008514        0x8 ./Sources/main.o
                0x00008514                Version_Buf
 .rodata.StateProcessArr
                0x0000851c       0x24 ./Sources/user/statemachine.o
 .rodata.stateStartProcess
                0x00008540       0x1c ./Sources/user/statemachine.o
 .rodata.getInsideEvt
                0x0000855c       0x24 ./Sources/user/statemachine.o
 .rodata.stateTransition
                0x00008580       0x24 ./Sources/user/statemachine.o
 .rodata.AppStateMachine
                0x000085a4       0x24 ./Sources/user/statemachine.o
 .rodata.set_phase_func
                0x000085c8       0x30 ./Sources/user/motor.o
 .rodata.errorCheck
                0x000085f8       0x24 ./Sources/user/error.o
 .rodata.errorFilter
                0x0000861c       0x24 ./Sources/user/error.o
 .rodata.errorHandle
                0x00008640       0x24 ./Sources/user/error.o
 .rodata.ClockGenModeMatrix
                0x00008664       0x48 ./Static_Code/System/CPU_Init.o
 .rodata.CPU_ClockConfigDescriptors
                0x000086ac       0x10 ./Static_Code/System/CPU_Init.o
 .rodata.CPU_DefaultFEI
                0x000086bc        0x8 ./Static_Code/System/CPU_Init.o
 .rodata.CPU_DefaultFBI
                0x000086c4        0x8 ./Static_Code/System/CPU_Init.o
 .rodata.CPU_DefaultBLPI
                0x000086cc        0x8 ./Static_Code/System/CPU_Init.o
 .rodata.CPU_DefaultFEE
                0x000086d4        0x8 ./Static_Code/System/CPU_Init.o
 .rodata.CPU_DefaultFBE
                0x000086dc        0x8 ./Static_Code/System/CPU_Init.o
 .rodata.CPU_DefaultBLPE
                0x000086e4        0x8 ./Static_Code/System/CPU_Init.o
 .rodata.CPU_SetClockConfigGenMode
                0x000086ec       0x18 ./Static_Code/System/CPU_Init.o
 .rodata.str1.1
                0x00008704        0x1 D:/work program/CW for MCU 10.6/install/CW MCU v10.6/MCU/ARM_GCC_Support/ewl/lib/armv6-m\libc.a(printformat_.o)
 .rodata.CSWTCH.20
                0x00008705        0x5 D:/work program/CW for MCU 10.6/install/CW MCU v10.6/MCU/ARM_GCC_Support/ewl/lib/armv6-m\libc.a(printformat_.o)
 .rodata.CSWTCH.21
                0x0000870a        0x5 D:/work program/CW for MCU 10.6/install/CW MCU v10.6/MCU/ARM_GCC_Support/ewl/lib/armv6-m\libc.a(printformat_.o)
 .rodata.__aeabi_ctype_table_C
                0x0000870f      0x101 D:/work program/CW for MCU 10.6/install/CW MCU v10.6/MCU/ARM_GCC_Support/ewl/lib/armv6-m\libc.a(ctype_aeabi.o)
                0x0000870f                __aeabi_ctype_table_C
 *(.glue_7)
 .glue_7        0x00000000        0x0 linker stubs
 *(.glue_7t)
 .glue_7t       0x00000000        0x0 linker stubs
 *(.eh_frame)
 *(.init)
 *(.fini)
                0x00008810                . = ALIGN (0x4)
                0x00008810                _etext = .

.vfp11_veneer   0x00008810        0x0
 .vfp11_veneer  0x00000000        0x0 linker stubs

.v4_bx          0x00008810        0x0
 .v4_bx         0x00000000        0x0 linker stubs

.iplt           0x00008810        0x0
 .iplt          0x00000000        0x0 ./Generated_Code/dbgPort1.o

.rel.dyn        0x00008810        0x0
 .rel.iplt      0x00000000        0x0 ./Generated_Code/dbgPort1.o

.ARM.extab
 *(.ARM.extab* .gnu.linkonce.armextab.*)

.ARM            0x00008810        0x0
                0x00008810                __exidx_start = .
 *(.ARM.exidx*)
                0x00008810                __exidx_end = .

.ctors          0x00008810        0x0
                0x00008810                __CTOR_LIST__ = .
 *crtbegin.o(.ctors)
 *(EXCLUDE_FILE(*crtend.o) .ctors)
 *(SORT(.ctors.*))
 *(.ctors)
                0x00008810                __CTOR_END__ = .

.dtors          0x00008810        0x0
                0x00008810                __DTOR_LIST__ = .
 *crtbegin.o(.dtors)
 *(EXCLUDE_FILE(*crtend.o) .dtors)
 *(SORT(.dtors.*))
 *(.dtors)
                0x00008810                __DTOR_END__ = .

.preinit_array  0x00008810        0x0
                0x00008810                PROVIDE (__preinit_array_start, .)
 *(.preinit_array*)
                0x00008810                PROVIDE (__preinit_array_end, .)

.init_array     0x00008810        0x0
                0x00008810                PROVIDE (__init_array_start, .)
 *(SORT(.init_array.*))
 *(.init_array*)
                0x00008810                PROVIDE (__init_array_end, .)

.fini_array     0x00008810        0x0
                0x00008810                PROVIDE (__fini_array_start, .)
 *(SORT(.fini_array.*))
 *(.fini_array*)
                0x00008810                PROVIDE (__fini_array_end, .)
                0x00008810                ___ROM_AT = .

.mtb            0x1ffff000        0x0
                0x1ffff000                . = ALIGN (0x8)
                0x1ffff000                _mtb_start = .
 *(.mtb_buf)
                0x1ffff000                . = ALIGN (0x8)
                0x1ffff000                _mtb_end = .

.data           0x1ffff000       0x24 load address 0x00008810
                0x1ffff000                . = ALIGN (0x4)
                0x1ffff000                _sdata = .
 *(.data)
 *(.data*)
 .data.timer1CntFor50ms
                0x1ffff000        0x4 ./Sources/Events.o
 .data.cmtDischargeCnt
                0x1ffff004        0x2 ./Sources/Events.o
 .data.stateAlignStep
                0x1ffff006        0x1 ./Sources/user/statemachine.o
 .data.stateStartStep
                0x1ffff007        0x1 ./Sources/user/statemachine.o
 .data.meas.6056
                0x1ffff008        0x1 ./Sources/user/midfunction.o
 *fill*         0x1ffff009        0x3 00
 .data.CPU_ClockGenModeRegs
                0x1ffff00c       0x18 ./Static_Code/System/CPU_Init.o
                0x1ffff024                . = ALIGN (0x4)
                0x1ffff024                _edata = .
                0x00000024                ___data_size = (_edata - _sdata)

.igot.plt       0x1ffff024        0x0 load address 0x00008834
 .igot.plt      0x00000000        0x0 ./Generated_Code/dbgPort1.o
                0x1ffff024                . = ALIGN (0x4)

.bss            0x1ffff024      0x398 load address 0x00008834
                0x1ffff024                __START_BSS = .
                0x1ffff024                PROVIDE (__bss_start__, __START_BSS)
 *(.bss)
 *(.bss*)
 .bss.DeviceDataPrv__DEFAULT_RTOS_ALLOC
                0x1ffff024        0xc ./Generated_Code/TimerIntLdd1.o
 .bss.DeviceDataPrv__DEFAULT_RTOS_ALLOC
                0x1ffff030       0x10 ./Generated_Code/TU3.o
 .bss.INT_FTM2__DEFAULT_RTOS_ISRPARAM
                0x1ffff040        0x4 ./Generated_Code/TU3.o
 .bss.DeviceDataPrv__DEFAULT_RTOS_ALLOC
                0x1ffff044        0xc ./Generated_Code/TU2.o
 .bss.INT_FTM1__DEFAULT_RTOS_ISRPARAM
                0x1ffff050        0x4 ./Generated_Code/TU2.o
 .bss.DeviceDataPrv__DEFAULT_RTOS_ALLOC
                0x1ffff054       0x10 ./Generated_Code/TU1.o
 .bss.INT_FTM0__DEFAULT_RTOS_ISRPARAM
                0x1ffff064        0x4 ./Generated_Code/TU1.o
 .bss.DeviceDataPrv__DEFAULT_RTOS_ALLOC
                0x1ffff068        0xc ./Generated_Code/PwmLdd1.o
 .bss.PE_LDD_DeviceDataList
                0x1ffff074       0x38 ./Generated_Code/PE_LDD.o
                0x1ffff074                PE_LDD_DeviceDataList
 .bss.DeviceDataPrv__DEFAULT_RTOS_ALLOC
                0x1ffff0ac       0x1c ./Generated_Code/IntI2cLdd1.o
 .bss.DevDataPtr__DEFAULT_RTOS_ALLOC
                0x1ffff0c8       0x18 ./Generated_Code/IntFlashLdd1.o
 .bss.INT_FTMRE__DEFAULT_RTOS_ISRPARAM
                0x1ffff0e0        0x4 ./Generated_Code/IntFlashLdd1.o
 .bss.IFsh1_CurrentCommand
                0x1ffff0e4        0x4 ./Generated_Code/IFsh1.o
 .bss.IFsh1_CmdResult
                0x1ffff0e8        0x1 ./Generated_Code/IFsh1.o
 .bss.IFsh1_CmdPending
                0x1ffff0e9        0x1 ./Generated_Code/IFsh1.o
 .bss.IFsh1_EnEvent
                0x1ffff0ea        0x1 ./Generated_Code/IFsh1.o
 *fill*         0x1ffff0eb        0x1 00
 .bss.IntFlashLdd1_DevDataPtr
                0x1ffff0ec        0x4 ./Generated_Code/IFsh1.o
 .bss.IFsh1_PgEvent
                0x1ffff0f0        0x1 ./Generated_Code/IFsh1.o
 *fill*         0x1ffff0f1        0x3 00
 .bss.DeviceDataPrv__DEFAULT_RTOS_ALLOC
                0x1ffff0f4        0x4 ./Generated_Code/GPIO3.o
 .bss.DeviceDataPrv__DEFAULT_RTOS_ALLOC
                0x1ffff0f8        0x4 ./Generated_Code/GPIO2.o
 .bss.DeviceDataPrv__DEFAULT_RTOS_ALLOC
                0x1ffff0fc        0x4 ./Generated_Code/GPIO1.o
 .bss.DeviceDataPrv__DEFAULT_RTOS_ALLOC
                0x1ffff100        0x4 ./Generated_Code/BitIoLdd4.o
 .bss.DeviceDataPrv__DEFAULT_RTOS_ALLOC
                0x1ffff104        0x4 ./Generated_Code/BitIoLdd3.o
 .bss.DeviceDataPrv__DEFAULT_RTOS_ALLOC
                0x1ffff108        0x4 ./Generated_Code/BitIoLdd2.o
 .bss.INT_UART0__DEFAULT_RTOS_ISRPARAM
                0x1ffff10c        0x4 ./Generated_Code/AS1.o
 .bss.argv      0x1ffff110        0x4 ./Project_Settings/Startup_Code/__arm_start.o
 .bss.TU2_ptr   0x1ffff114        0x4 ./Sources/hardware/timer.o
 .bss.gpio1     0x1ffff118        0x4 ./Sources/hardware/gpio.o
 .bss.gpio2     0x1ffff11c        0x4 ./Sources/hardware/gpio.o
 .bss.gpio3     0x1ffff120        0x4 ./Sources/hardware/gpio.o
 .bss.curState.6115
                0x1ffff124        0x1 ./Sources/main.o
 .bss.event.6116
                0x1ffff125        0x1 ./Sources/main.o
 .bss.errCount.6117
                0x1ffff126        0x1 ./Sources/main.o
 *fill*         0x1ffff127        0x1 00
 .bss.zcLostCnt.6059
                0x1ffff128        0x4 ./Sources/Events.o
 .bss.ledError  0x1ffff12c        0x1 ./Sources/user/statemachine.o
 *fill*         0x1ffff12d        0x3 00
 .bss.pumpSpeed.6083
                0x1ffff130        0x4 ./Sources/user/midfunction.o
 .bss.over_voltage_counter.6071
                0x1ffff134        0x1 ./Sources/user/midfunction.o
 .bss.under_voltage_counter.6072
                0x1ffff135        0x1 ./Sources/user/midfunction.o
 *fill*         0x1ffff136        0x2 00
 .bss.pidE.6040
                0x1ffff138        0xc ./Sources/user/midfunction.o
 .bss.Fek.6042  0x1ffff144        0x8 ./Sources/user/midfunction.o
 .bss.pidU.6041
                0x1ffff14c        0x8 ./Sources/user/midfunction.o
 .bss.zcCounter.5992
                0x1ffff154        0x1 ./Sources/user/midfunction.o
 *fill*         0x1ffff155        0x3 00
 .bss.gAlignmentTimerCnt
                0x1ffff158        0x4 ./Sources/user/globalvars.o
                0x1ffff158                gAlignmentTimerCnt
 .bss.gZCDetectTime
                0x1ffff15c        0x4 ./Sources/user/globalvars.o
                0x1ffff15c                gZCDetectTime
 .bss.gLastZCDetectTime
                0x1ffff160        0x4 ./Sources/user/globalvars.o
                0x1ffff160                gLastZCDetectTime
 .bss.gZCLostFlag
                0x1ffff164        0x1 ./Sources/user/globalvars.o
                0x1ffff164                gZCLostFlag
 *fill*         0x1ffff165        0x3 00
 .bss.gTime     0x1ffff168        0x4 ./Sources/user/globalvars.o
                0x1ffff168                gTime
 .bss.gStatusData
                0x1ffff16c        0x4 ./Sources/user/globalvars.o
                0x1ffff16c                gStatusData
 .bss.gStateStableStep
                0x1ffff170        0x1 ./Sources/user/globalvars.o
                0x1ffff170                gStateStableStep
 *fill*         0x1ffff171        0x3 00
 .bss.gZCMonitorWait
                0x1ffff174        0x4 ./Sources/user/globalvars.o
                0x1ffff174                gZCMonitorWait
 .bss.gSpeedUpdateCnt
                0x1ffff178        0x4 ./Sources/user/globalvars.o
                0x1ffff178                gSpeedUpdateCnt
 .bss.gDutyCycleUpdateCnt
                0x1ffff17c        0x4 ./Sources/user/globalvars.o
                0x1ffff17c                gDutyCycleUpdateCnt
 .bss.gClosedLoop
                0x1ffff180        0x1 ./Sources/user/globalvars.o
                0x1ffff180                gClosedLoop
 .bss.gZCDetectEnable
                0x1ffff181        0x1 ./Sources/user/globalvars.o
                0x1ffff181                gZCDetectEnable
 .bss.gCommutationWaiting
                0x1ffff182        0x1 ./Sources/user/globalvars.o
                0x1ffff182                gCommutationWaiting
 *fill*         0x1ffff183        0x1 00
 .bss.gVoltage  0x1ffff184        0x4 ./Sources/user/globalvars.o
                0x1ffff184                gVoltage
 .bss.gCurrent  0x1ffff188        0x4 ./Sources/user/globalvars.o
                0x1ffff188                gCurrent
 .bss.gAveCurrent
                0x1ffff18c        0x4 ./Sources/user/globalvars.o
                0x1ffff18c                gAveCurrent
 .bss.gMCUTemper
                0x1ffff190        0x4 ./Sources/user/globalvars.o
                0x1ffff190                gMCUTemper
 .bss.gNoWaterPeriodCnt
                0x1ffff194        0x4 ./Sources/user/globalvars.o
                0x1ffff194                gNoWaterPeriodCnt
 .bss.gErrorPeriodCnt
                0x1ffff198        0x4 ./Sources/user/globalvars.o
                0x1ffff198                gErrorPeriodCnt
 .bss.gLEDUpateCnt
                0x1ffff19c        0x4 ./Sources/user/globalvars.o
                0x1ffff19c                gLEDUpateCnt
 .bss.gLatestError
                0x1ffff1a0        0x1 ./Sources/user/globalvars.o
                0x1ffff1a0                gLatestError
 *fill*         0x1ffff1a1        0x3 00
 .bss.errIndex.5735
                0x1ffff1a4        0x4 ./Sources/user/error.o
 .bss.errArr.5734
                0x1ffff1a8        0x8 ./Sources/user/error.o
 .bss.enCritical
                0x1ffff1b0        0x4 ./Sources/user/currentbuffer.o
 .bss.SR_lock   0x1ffff1b4        0x1 ./Static_Code/System/CPU_Init.o
                0x1ffff1b4                SR_lock
 *fill*         0x1ffff1b5        0x3 00
 .bss.__stdio_exit
                0x1ffff1b8        0x4 D:/work program/CW for MCU 10.6/install/CW MCU v10.6/MCU/ARM_GCC_Support/ewl/lib/armv6-m\libc.a(exit.o)
                0x1ffff1b8                __stdio_exit
 .bss.__console_exit
                0x1ffff1bc        0x4 D:/work program/CW for MCU 10.6/install/CW MCU v10.6/MCU/ARM_GCC_Support/ewl/lib/armv6-m\libc.a(exit.o)
                0x1ffff1bc                __console_exit
 .bss.__S_romp  0x1ffff1c0        0xc D:/work program/CW for MCU 10.6/install/CW MCU v10.6/MCU/ARM_GCC_Support/ewl/lib/armv6-m\librt.a(ROMCopy.o)
 .bss.__global_destructor_chain
                0x1ffff1cc        0x4 D:/work program/CW for MCU 10.6/install/CW MCU v10.6/MCU/ARM_GCC_Support/ewl/lib/armv6-m\librt.a(__arm_eabi_init.o)
                0x1ffff1cc                __global_destructor_chain
 *(COMMON)
 COMMON         0x1ffff1d0        0x8 ./Generated_Code/IIC.o
                0x1ffff1d0                IIC_SndRcvTemp
                0x1ffff1d4                IntI2cLdd1_DeviceDataPtr
 COMMON         0x1ffff1d8      0x1e1 ./Sources/user/globalvars.o
                0x1ffff1d8                gSCITxBuf
                0x1ffff1e4                gCurrentBuffer
                0x1ffff32c                gRxTail
                0x1ffff330                gSCIRxBuf
                0x1ffff338                gMotorPara
                0x1ffff348                gMessageOfControl
                0x1ffff350                gRxHead
                0x1ffff354                gLastZCTime
                0x1ffff358                gZCDetectPeriod
                0x1ffff3b8                gMotorPhase
 COMMON         0x1ffff3b9        0x1 ./Static_Code/System/CPU_Init.o
                0x1ffff3b9                SR_reg
                0x1ffff3bc                . = ALIGN (0x4)
 *fill*         0x1ffff3ba        0x2 00
                0x1ffff3bc                __END_BSS = .
                0x1ffff3bc                PROVIDE (__bss_end__, __END_BSS)
                0x00008834                _romp_at = (___ROM_AT + SIZEOF (.data))

.romp           0x1ffff3bc       0x18 load address 0x00008834
                0x00008834                __S_romp = _romp_at
                0x1ffff3bc        0x4 LONG 0x8810 ___ROM_AT
                0x1ffff3c0        0x4 LONG 0x1ffff000 _sdata
                0x1ffff3c4        0x4 LONG 0x24 ___data_size
                0x1ffff3c8        0x4 LONG 0x0
                0x1ffff3cc        0x4 LONG 0x0
                0x1ffff3d0        0x4 LONG 0x0

._user_heap_stack
                0x1ffff3d4      0x400 load address 0x0000884c
                0x1ffff3d4                . = ALIGN (0x4)
                0x1ffff3d4                PROVIDE (end, .)
                0x1ffff3d4                PROVIDE (_end, .)
                0x1ffff3d4                __heap_addr = .
                0x1ffff3d4                . = (. + __heap_size)
                0x1ffff7d4                . = (. + __stack_size)
 *fill*         0x1ffff3d4      0x400 00
                0x1ffff7d4                . = ALIGN (0x4)

.ARM.attributes
                0x00000000       0x31
 *(.ARM.attributes)
 .ARM.attributes
                0x00000000       0x31 ./Generated_Code/TimerIntLdd1.o
 .ARM.attributes
                0x00000031       0x31 ./Generated_Code/Timer1.o
 .ARM.attributes
                0x00000062       0x31 ./Generated_Code/TU3.o
 .ARM.attributes
                0x00000093       0x31 ./Generated_Code/TU2.o
 .ARM.attributes
                0x000000c4       0x31 ./Generated_Code/TU1.o
 .ARM.attributes
                0x000000f5       0x31 ./Generated_Code/PwmLdd1.o
 .ARM.attributes
                0x00000126       0x31 ./Generated_Code/PWM1.o
 .ARM.attributes
                0x00000157       0x31 ./Generated_Code/PE_LDD.o
 .ARM.attributes
                0x00000188       0x31 ./Generated_Code/IntI2cLdd1.o
 .ARM.attributes
                0x000001b9       0x31 ./Generated_Code/IntFlashLdd1.o
 .ARM.attributes
                0x000001ea       0x31 ./Generated_Code/IIC.o
 .ARM.attributes
                0x0000021b       0x31 ./Generated_Code/IFsh1.o
 .ARM.attributes
                0x0000024c       0x31 ./Generated_Code/GPIO3.o
 .ARM.attributes
                0x0000027d       0x31 ./Generated_Code/GPIO2.o
 .ARM.attributes
                0x000002ae       0x31 ./Generated_Code/GPIO1.o
 .ARM.attributes
                0x000002df       0x31 ./Generated_Code/Cpu.o
 .ARM.attributes
                0x00000310       0x31 ./Generated_Code/BitIoLdd4.o
 .ARM.attributes
                0x00000341       0x31 ./Generated_Code/BitIoLdd3.o
 .ARM.attributes
                0x00000372       0x31 ./Generated_Code/BitIoLdd2.o
 .ARM.attributes
                0x000003a3       0x31 ./Generated_Code/AS1.o
 .ARM.attributes
                0x000003d4       0x31 ./Project_Settings/Startup_Code/__arm_start.o
 .ARM.attributes
                0x00000405       0x31 ./Project_Settings/Startup_Code/__arm_end.o
 .ARM.attributes
                0x00000436       0x31 ./Sources/hardware/uart0_master.o
 .ARM.attributes
                0x00000467       0x31 ./Sources/hardware/timer.o
 .ARM.attributes
                0x00000498       0x31 ./Sources/hardware/led.o
 .ARM.attributes
                0x000004c9       0x31 ./Sources/hardware/i2c.o
 .ARM.attributes
                0x000004fa       0x31 ./Sources/hardware/gpio.o
 .ARM.attributes
                0x0000052b       0x31 ./Sources/hardware/flash.o
 .ARM.attributes
                0x0000055c       0x31 ./Sources/hardware/adc.o
 .ARM.attributes
                0x0000058d       0x31 ./Sources/hardware/HWinit.o
 .ARM.attributes
                0x000005be       0x31 ./Sources/main.o
 .ARM.attributes
                0x000005ef       0x31 ./Sources/Events.o
 .ARM.attributes
                0x00000620       0x31 ./Sources/user/statemachine.o
 .ARM.attributes
                0x00000651       0x31 ./Sources/user/motor.o
 .ARM.attributes
                0x00000682       0x31 ./Sources/user/midfunction.o
 .ARM.attributes
                0x000006b3       0x31 ./Sources/user/globalvars.o
 .ARM.attributes
                0x000006e4       0x31 ./Sources/user/error.o
 .ARM.attributes
                0x00000715       0x31 ./Sources/user/currentbuffer.o
 .ARM.attributes
                0x00000746       0x31 ./Static_Code/System/Vectors.o
 .ARM.attributes
                0x00000777       0x31 ./Static_Code/System/CPU_Init.o
 .ARM.attributes
                0x000007a8       0x31 D:/work program/CW for MCU 10.6/install/CW MCU v10.6/MCU/ARM_GCC_Support/ewl/lib/armv6-m\libc.a(exit.o)
 .ARM.attributes
                0x000007d9       0x31 D:/work program/CW for MCU 10.6/install/CW MCU v10.6/MCU/ARM_GCC_Support/ewl/lib/armv6-m\libc.a(memcpy.o)
 .ARM.attributes
                0x0000080a       0x31 D:/work program/CW for MCU 10.6/install/CW MCU v10.6/MCU/ARM_GCC_Support/ewl/lib/armv6-m\libc.a(memset.o)
 .ARM.attributes
                0x0000083b       0x31 D:/work program/CW for MCU 10.6/install/CW MCU v10.6/MCU/ARM_GCC_Support/ewl/lib/armv6-m\libc.a(printformat_.o)
 .ARM.attributes
                0x0000086c       0x31 D:/work program/CW for MCU 10.6/install/CW MCU v10.6/MCU/ARM_GCC_Support/ewl/lib/armv6-m\libc.a(scanformat_.o)
 .ARM.attributes
                0x0000089d       0x31 D:/work program/CW for MCU 10.6/install/CW MCU v10.6/MCU/ARM_GCC_Support/ewl/lib/armv6-m\libc.a(ctype_aeabi.o)
 .ARM.attributes
                0x000008ce       0x31 D:/work program/CW for MCU 10.6/install/CW MCU v10.6/MCU/ARM_GCC_Support/ewl/lib/armv6-m\libc.a(__strtoul.o)
 .ARM.attributes
                0x000008ff       0x31 D:/work program/CW for MCU 10.6/install/CW MCU v10.6/MCU/ARM_GCC_Support/ewl/lib/armv6-m\libc.a(__filll_mem.o)
 .ARM.attributes
                0x00000930       0x31 D:/work program/CW for MCU 10.6/install/CW MCU v10.6/MCU/ARM_GCC_Support/ewl/lib/armv6-m\libc.a(memchr.o)
 .ARM.attributes
                0x00000961       0x31 D:/work program/CW for MCU 10.6/install/CW MCU v10.6/MCU/ARM_GCC_Support/ewl/lib/armv6-m\libc.a(strchr.o)
 .ARM.attributes
                0x00000992       0x31 D:/work program/CW for MCU 10.6/install/CW MCU v10.6/MCU/ARM_GCC_Support/ewl/lib/armv6-m\libc.a(strlen.o)
 .ARM.attributes
                0x000009c3       0x1e d:/work program/cw for mcu 10.6/install/cw mcu v10.6/cross_tools/arm-none-eabi-gcc-4_7_3/bin/../lib/gcc/arm-none-eabi/4.7.3/armv6-m\libgcc.a(_thumb1_case_sqi.o)
 .ARM.attributes
                0x000009e1       0x1e d:/work program/cw for mcu 10.6/install/cw mcu v10.6/cross_tools/arm-none-eabi-gcc-4_7_3/bin/../lib/gcc/arm-none-eabi/4.7.3/armv6-m\libgcc.a(_thumb1_case_uqi.o)
 .ARM.attributes
                0x000009ff       0x1e d:/work program/cw for mcu 10.6/install/cw mcu v10.6/cross_tools/arm-none-eabi-gcc-4_7_3/bin/../lib/gcc/arm-none-eabi/4.7.3/armv6-m\libgcc.a(_udivsi3.o)
 .ARM.attributes
                0x00000a1d       0x1e d:/work program/cw for mcu 10.6/install/cw mcu v10.6/cross_tools/arm-none-eabi-gcc-4_7_3/bin/../lib/gcc/arm-none-eabi/4.7.3/armv6-m\libgcc.a(_dvmd_tls.o)
 .ARM.attributes
                0x00000a3b       0x1e d:/work program/cw for mcu 10.6/install/cw mcu v10.6/cross_tools/arm-none-eabi-gcc-4_7_3/bin/../lib/gcc/arm-none-eabi/4.7.3/armv6-m\libgcc.a(_arm_cmpdf2.o)
 .ARM.attributes
                0x00000a59       0x1e d:/work program/cw for mcu 10.6/install/cw mcu v10.6/cross_tools/arm-none-eabi-gcc-4_7_3/bin/../lib/gcc/arm-none-eabi/4.7.3/armv6-m\libgcc.a(_arm_cmpsf2.o)
 .ARM.attributes
                0x00000a77       0x2c d:/work program/cw for mcu 10.6/install/cw mcu v10.6/cross_tools/arm-none-eabi-gcc-4_7_3/bin/../lib/gcc/arm-none-eabi/4.7.3/armv6-m\libgcc.a(_fixunssfsi.o)
 .ARM.attributes
                0x00000aa3       0x2c d:/work program/cw for mcu 10.6/install/cw mcu v10.6/cross_tools/arm-none-eabi-gcc-4_7_3/bin/../lib/gcc/arm-none-eabi/4.7.3/armv6-m\libgcc.a(addsf3.o)
 .ARM.attributes
                0x00000acf       0x2c d:/work program/cw for mcu 10.6/install/cw mcu v10.6/cross_tools/arm-none-eabi-gcc-4_7_3/bin/../lib/gcc/arm-none-eabi/4.7.3/armv6-m\libgcc.a(divsf3.o)
 .ARM.attributes
                0x00000afb       0x2c d:/work program/cw for mcu 10.6/install/cw mcu v10.6/cross_tools/arm-none-eabi-gcc-4_7_3/bin/../lib/gcc/arm-none-eabi/4.7.3/armv6-m\libgcc.a(eqsf2.o)
 .ARM.attributes
                0x00000b27       0x2c d:/work program/cw for mcu 10.6/install/cw mcu v10.6/cross_tools/arm-none-eabi-gcc-4_7_3/bin/../lib/gcc/arm-none-eabi/4.7.3/armv6-m\libgcc.a(gesf2.o)
 .ARM.attributes
                0x00000b53       0x2c d:/work program/cw for mcu 10.6/install/cw mcu v10.6/cross_tools/arm-none-eabi-gcc-4_7_3/bin/../lib/gcc/arm-none-eabi/4.7.3/armv6-m\libgcc.a(lesf2.o)
 .ARM.attributes
                0x00000b7f       0x2c d:/work program/cw for mcu 10.6/install/cw mcu v10.6/cross_tools/arm-none-eabi-gcc-4_7_3/bin/../lib/gcc/arm-none-eabi/4.7.3/armv6-m\libgcc.a(mulsf3.o)
 .ARM.attributes
                0x00000bab       0x2c d:/work program/cw for mcu 10.6/install/cw mcu v10.6/cross_tools/arm-none-eabi-gcc-4_7_3/bin/../lib/gcc/arm-none-eabi/4.7.3/armv6-m\libgcc.a(subsf3.o)
 .ARM.attributes
                0x00000bd7       0x2c d:/work program/cw for mcu 10.6/install/cw mcu v10.6/cross_tools/arm-none-eabi-gcc-4_7_3/bin/../lib/gcc/arm-none-eabi/4.7.3/armv6-m\libgcc.a(fixsfsi.o)
 .ARM.attributes
                0x00000c03       0x2c d:/work program/cw for mcu 10.6/install/cw mcu v10.6/cross_tools/arm-none-eabi-gcc-4_7_3/bin/../lib/gcc/arm-none-eabi/4.7.3/armv6-m\libgcc.a(floatsisf.o)
 .ARM.attributes
                0x00000c2f       0x2c d:/work program/cw for mcu 10.6/install/cw mcu v10.6/cross_tools/arm-none-eabi-gcc-4_7_3/bin/../lib/gcc/arm-none-eabi/4.7.3/armv6-m\libgcc.a(floatunsisf.o)
 .ARM.attributes
                0x00000c5b       0x2c d:/work program/cw for mcu 10.6/install/cw mcu v10.6/cross_tools/arm-none-eabi-gcc-4_7_3/bin/../lib/gcc/arm-none-eabi/4.7.3/armv6-m\libgcc.a(eqdf2.o)
 .ARM.attributes
                0x00000c87       0x2c d:/work program/cw for mcu 10.6/install/cw mcu v10.6/cross_tools/arm-none-eabi-gcc-4_7_3/bin/../lib/gcc/arm-none-eabi/4.7.3/armv6-m\libgcc.a(gedf2.o)
 .ARM.attributes
                0x00000cb3       0x2c d:/work program/cw for mcu 10.6/install/cw mcu v10.6/cross_tools/arm-none-eabi-gcc-4_7_3/bin/../lib/gcc/arm-none-eabi/4.7.3/armv6-m\libgcc.a(ledf2.o)
 .ARM.attributes
                0x00000cdf       0x2c d:/work program/cw for mcu 10.6/install/cw mcu v10.6/cross_tools/arm-none-eabi-gcc-4_7_3/bin/../lib/gcc/arm-none-eabi/4.7.3/armv6-m\libgcc.a(muldf3.o)
 .ARM.attributes
                0x00000d0b       0x2c d:/work program/cw for mcu 10.6/install/cw mcu v10.6/cross_tools/arm-none-eabi-gcc-4_7_3/bin/../lib/gcc/arm-none-eabi/4.7.3/armv6-m\libgcc.a(subdf3.o)
 .ARM.attributes
                0x00000d37       0x2c d:/work program/cw for mcu 10.6/install/cw mcu v10.6/cross_tools/arm-none-eabi-gcc-4_7_3/bin/../lib/gcc/arm-none-eabi/4.7.3/armv6-m\libgcc.a(floatsidf.o)
 .ARM.attributes
                0x00000d63       0x2c d:/work program/cw for mcu 10.6/install/cw mcu v10.6/cross_tools/arm-none-eabi-gcc-4_7_3/bin/../lib/gcc/arm-none-eabi/4.7.3/armv6-m\libgcc.a(extendsfdf2.o)
 .ARM.attributes
                0x00000d8f       0x2c d:/work program/cw for mcu 10.6/install/cw mcu v10.6/cross_tools/arm-none-eabi-gcc-4_7_3/bin/../lib/gcc/arm-none-eabi/4.7.3/armv6-m\libgcc.a(truncdfsf2.o)
 .ARM.attributes
                0x00000dbb       0x1e d:/work program/cw for mcu 10.6/install/cw mcu v10.6/cross_tools/arm-none-eabi-gcc-4_7_3/bin/../lib/gcc/arm-none-eabi/4.7.3/armv6-m\libgcc.a(_clzsi2.o)
 .ARM.attributes
                0x00000dd9       0x31 D:/work program/CW for MCU 10.6/install/CW MCU v10.6/MCU/ARM_GCC_Support/ewl/lib/armv6-m\librt.a(gcc_ctor_dtor.o)
 .ARM.attributes
                0x00000e0a       0x31 D:/work program/CW for MCU 10.6/install/CW MCU v10.6/MCU/ARM_GCC_Support/ewl/lib/armv6-m\librt.a(ROMCopy.o)
 .ARM.attributes
                0x00000e3b       0x31 D:/work program/CW for MCU 10.6/install/CW MCU v10.6/MCU/ARM_GCC_Support/ewl/lib/armv6-m\librt.a(__arm_eabi_init.o)
OUTPUT(kea-pump.elf elf32-littlearm)

.debug_info     0x00000000     0xb87e
 .debug_info    0x00000000      0x202 ./Generated_Code/TimerIntLdd1.o
 .debug_info    0x00000202       0xa7 ./Generated_Code/Timer1.o
 .debug_info    0x000002a9      0x7eb ./Generated_Code/TU3.o
 .debug_info    0x00000a94      0x6b8 ./Generated_Code/TU2.o
 .debug_info    0x0000114c      0x646 ./Generated_Code/TU1.o
 .debug_info    0x00001792      0x5d3 ./Generated_Code/PwmLdd1.o
 .debug_info    0x00001d65       0xa7 ./Generated_Code/PWM1.o
 .debug_info    0x00001e0c      0x24e ./Generated_Code/PE_LDD.o
 .debug_info    0x0000205a      0x72e ./Generated_Code/IntI2cLdd1.o
 .debug_info    0x00002788      0x9df ./Generated_Code/IntFlashLdd1.o
 .debug_info    0x00003167      0x307 ./Generated_Code/IIC.o
 .debug_info    0x0000346e      0x60d ./Generated_Code/IFsh1.o
 .debug_info    0x00003a7b      0x32c ./Generated_Code/GPIO3.o
 .debug_info    0x00003da7      0x32f ./Generated_Code/GPIO2.o
 .debug_info    0x000040d6      0x32f ./Generated_Code/GPIO1.o
 .debug_info    0x00004405       0x8b ./Generated_Code/Cpu.o
 .debug_info    0x00004490      0x341 ./Generated_Code/BitIoLdd4.o
 .debug_info    0x000047d1      0x341 ./Generated_Code/BitIoLdd3.o
 .debug_info    0x00004b12      0x2b4 ./Generated_Code/BitIoLdd2.o
 .debug_info    0x00004dc6      0x5ac ./Generated_Code/AS1.o
 .debug_info    0x00005372      0x12a ./Project_Settings/Startup_Code/__arm_start.o
 .debug_info    0x0000549c       0x54 ./Project_Settings/Startup_Code/__arm_end.o
 .debug_info    0x000054f0      0x295 ./Sources/hardware/uart0_master.o
 .debug_info    0x00005785      0x49a ./Sources/hardware/timer.o
 .debug_info    0x00005c1f      0x196 ./Sources/hardware/led.o
 .debug_info    0x00005db5      0x155 ./Sources/hardware/i2c.o
 .debug_info    0x00005f0a      0x243 ./Sources/hardware/gpio.o
 .debug_info    0x0000614d      0x2d7 ./Sources/hardware/flash.o
 .debug_info    0x00006424      0x2b6 ./Sources/hardware/adc.o
 .debug_info    0x000066da       0xfd ./Sources/hardware/HWinit.o
 .debug_info    0x000067d7      0x3bb ./Sources/main.o
 .debug_info    0x00006b92      0x52b ./Sources/Events.o
 .debug_info    0x000070bd      0x664 ./Sources/user/statemachine.o
 .debug_info    0x00007721      0x3dd ./Sources/user/motor.o
 .debug_info    0x00007afe      0x85b ./Sources/user/midfunction.o
 .debug_info    0x00008359      0x5bf ./Sources/user/globalvars.o
 .debug_info    0x00008918      0x485 ./Sources/user/error.o
 .debug_info    0x00008d9d      0x231 ./Sources/user/currentbuffer.o
 .debug_info    0x00008fce      0x4fe ./Static_Code/System/Vectors.o
 .debug_info    0x000094cc      0x79a ./Static_Code/System/CPU_Init.o
 .debug_info    0x00009c66       0xe8 D:/work program/CW for MCU 10.6/install/CW MCU v10.6/MCU/ARM_GCC_Support/ewl/lib/armv6-m\libc.a(exit.o)
 .debug_info    0x00009d4e      0x10f D:/work program/CW for MCU 10.6/install/CW MCU v10.6/MCU/ARM_GCC_Support/ewl/lib/armv6-m\libc.a(memcpy.o)
 .debug_info    0x00009e5d       0xec D:/work program/CW for MCU 10.6/install/CW MCU v10.6/MCU/ARM_GCC_Support/ewl/lib/armv6-m\libc.a(memset.o)
 .debug_info    0x00009f49      0x50d D:/work program/CW for MCU 10.6/install/CW MCU v10.6/MCU/ARM_GCC_Support/ewl/lib/armv6-m\libc.a(printformat_.o)
 .debug_info    0x0000a456      0x568 D:/work program/CW for MCU 10.6/install/CW MCU v10.6/MCU/ARM_GCC_Support/ewl/lib/armv6-m\libc.a(scanformat_.o)
 .debug_info    0x0000a9be      0x313 D:/work program/CW for MCU 10.6/install/CW MCU v10.6/MCU/ARM_GCC_Support/ewl/lib/armv6-m\libc.a(ctype_aeabi.o)
 .debug_info    0x0000acd1      0x1d6 D:/work program/CW for MCU 10.6/install/CW MCU v10.6/MCU/ARM_GCC_Support/ewl/lib/armv6-m\libc.a(__strtoul.o)
 .debug_info    0x0000aea7      0x137 D:/work program/CW for MCU 10.6/install/CW MCU v10.6/MCU/ARM_GCC_Support/ewl/lib/armv6-m\libc.a(__filll_mem.o)
 .debug_info    0x0000afde      0x121 D:/work program/CW for MCU 10.6/install/CW MCU v10.6/MCU/ARM_GCC_Support/ewl/lib/armv6-m\libc.a(memchr.o)
 .debug_info    0x0000b0ff      0x10b D:/work program/CW for MCU 10.6/install/CW MCU v10.6/MCU/ARM_GCC_Support/ewl/lib/armv6-m\libc.a(strchr.o)
 .debug_info    0x0000b20a       0xea D:/work program/CW for MCU 10.6/install/CW MCU v10.6/MCU/ARM_GCC_Support/ewl/lib/armv6-m\libc.a(strlen.o)
 .debug_info    0x0000b2f4      0x136 D:/work program/CW for MCU 10.6/install/CW MCU v10.6/MCU/ARM_GCC_Support/ewl/lib/armv6-m\librt.a(gcc_ctor_dtor.o)
 .debug_info    0x0000b42a      0x19b D:/work program/CW for MCU 10.6/install/CW MCU v10.6/MCU/ARM_GCC_Support/ewl/lib/armv6-m\librt.a(ROMCopy.o)
 .debug_info    0x0000b5c5      0x2b9 D:/work program/CW for MCU 10.6/install/CW MCU v10.6/MCU/ARM_GCC_Support/ewl/lib/armv6-m\librt.a(__arm_eabi_init.o)

.debug_abbrev   0x00000000     0x37fe
 .debug_abbrev  0x00000000       0xd2 ./Generated_Code/TimerIntLdd1.o
 .debug_abbrev  0x000000d2       0x60 ./Generated_Code/Timer1.o
 .debug_abbrev  0x00000132      0x1a4 ./Generated_Code/TU3.o
 .debug_abbrev  0x000002d6      0x187 ./Generated_Code/TU2.o
 .debug_abbrev  0x0000045d      0x178 ./Generated_Code/TU1.o
 .debug_abbrev  0x000005d5      0x175 ./Generated_Code/PwmLdd1.o
 .debug_abbrev  0x0000074a       0x60 ./Generated_Code/PWM1.o
 .debug_abbrev  0x000007aa      0x102 ./Generated_Code/PE_LDD.o
 .debug_abbrev  0x000008ac      0x147 ./Generated_Code/IntI2cLdd1.o
 .debug_abbrev  0x000009f3      0x1cb ./Generated_Code/IntFlashLdd1.o
 .debug_abbrev  0x00000bbe      0x116 ./Generated_Code/IIC.o
 .debug_abbrev  0x00000cd4      0x171 ./Generated_Code/IFsh1.o
 .debug_abbrev  0x00000e45      0x12a ./Generated_Code/GPIO3.o
 .debug_abbrev  0x00000f6f      0x143 ./Generated_Code/GPIO2.o
 .debug_abbrev  0x000010b2      0x143 ./Generated_Code/GPIO1.o
 .debug_abbrev  0x000011f5       0x3d ./Generated_Code/Cpu.o
 .debug_abbrev  0x00001232      0x148 ./Generated_Code/BitIoLdd4.o
 .debug_abbrev  0x0000137a      0x148 ./Generated_Code/BitIoLdd3.o
 .debug_abbrev  0x000014c2      0x139 ./Generated_Code/BitIoLdd2.o
 .debug_abbrev  0x000015fb      0x189 ./Generated_Code/AS1.o
 .debug_abbrev  0x00001784       0x92 ./Project_Settings/Startup_Code/__arm_start.o
 .debug_abbrev  0x00001816       0x4c ./Project_Settings/Startup_Code/__arm_end.o
 .debug_abbrev  0x00001862       0xf1 ./Sources/hardware/uart0_master.o
 .debug_abbrev  0x00001953      0x109 ./Sources/hardware/timer.o
 .debug_abbrev  0x00001a5c       0xbd ./Sources/hardware/led.o
 .debug_abbrev  0x00001b19       0xa3 ./Sources/hardware/i2c.o
 .debug_abbrev  0x00001bbc      0x103 ./Sources/hardware/gpio.o
 .debug_abbrev  0x00001cbf       0xff ./Sources/hardware/flash.o
 .debug_abbrev  0x00001dbe      0x11a ./Sources/hardware/adc.o
 .debug_abbrev  0x00001ed8       0xae ./Sources/hardware/HWinit.o
 .debug_abbrev  0x00001f86      0x111 ./Sources/main.o
 .debug_abbrev  0x00002097      0x15b ./Sources/Events.o
 .debug_abbrev  0x000021f2      0x13e ./Sources/user/statemachine.o
 .debug_abbrev  0x00002330      0x103 ./Sources/user/motor.o
 .debug_abbrev  0x00002433      0x1f8 ./Sources/user/midfunction.o
 .debug_abbrev  0x0000262b       0xf3 ./Sources/user/globalvars.o
 .debug_abbrev  0x0000271e      0x17f ./Sources/user/error.o
 .debug_abbrev  0x0000289d       0xc1 ./Sources/user/currentbuffer.o
 .debug_abbrev  0x0000295e       0xcb ./Static_Code/System/Vectors.o
 .debug_abbrev  0x00002a29      0x1a7 ./Static_Code/System/CPU_Init.o
 .debug_abbrev  0x00002bd0       0x7a D:/work program/CW for MCU 10.6/install/CW MCU v10.6/MCU/ARM_GCC_Support/ewl/lib/armv6-m\libc.a(exit.o)
 .debug_abbrev  0x00002c4a       0x95 D:/work program/CW for MCU 10.6/install/CW MCU v10.6/MCU/ARM_GCC_Support/ewl/lib/armv6-m\libc.a(memcpy.o)
 .debug_abbrev  0x00002cdf       0x62 D:/work program/CW for MCU 10.6/install/CW MCU v10.6/MCU/ARM_GCC_Support/ewl/lib/armv6-m\libc.a(memset.o)
 .debug_abbrev  0x00002d41      0x200 D:/work program/CW for MCU 10.6/install/CW MCU v10.6/MCU/ARM_GCC_Support/ewl/lib/armv6-m\libc.a(printformat_.o)
 .debug_abbrev  0x00002f41      0x1f0 D:/work program/CW for MCU 10.6/install/CW MCU v10.6/MCU/ARM_GCC_Support/ewl/lib/armv6-m\libc.a(scanformat_.o)
 .debug_abbrev  0x00003131       0x9e D:/work program/CW for MCU 10.6/install/CW MCU v10.6/MCU/ARM_GCC_Support/ewl/lib/armv6-m\libc.a(ctype_aeabi.o)
 .debug_abbrev  0x000031cf       0xc2 D:/work program/CW for MCU 10.6/install/CW MCU v10.6/MCU/ARM_GCC_Support/ewl/lib/armv6-m\libc.a(__strtoul.o)
 .debug_abbrev  0x00003291       0x78 D:/work program/CW for MCU 10.6/install/CW MCU v10.6/MCU/ARM_GCC_Support/ewl/lib/armv6-m\libc.a(__filll_mem.o)
 .debug_abbrev  0x00003309       0x95 D:/work program/CW for MCU 10.6/install/CW MCU v10.6/MCU/ARM_GCC_Support/ewl/lib/armv6-m\libc.a(memchr.o)
 .debug_abbrev  0x0000339e       0x7a D:/work program/CW for MCU 10.6/install/CW MCU v10.6/MCU/ARM_GCC_Support/ewl/lib/armv6-m\libc.a(strchr.o)
 .debug_abbrev  0x00003418       0x7a D:/work program/CW for MCU 10.6/install/CW MCU v10.6/MCU/ARM_GCC_Support/ewl/lib/armv6-m\libc.a(strlen.o)
 .debug_abbrev  0x00003492       0x99 D:/work program/CW for MCU 10.6/install/CW MCU v10.6/MCU/ARM_GCC_Support/ewl/lib/armv6-m\librt.a(gcc_ctor_dtor.o)
 .debug_abbrev  0x0000352b      0x120 D:/work program/CW for MCU 10.6/install/CW MCU v10.6/MCU/ARM_GCC_Support/ewl/lib/armv6-m\librt.a(ROMCopy.o)
 .debug_abbrev  0x0000364b      0x1b3 D:/work program/CW for MCU 10.6/install/CW MCU v10.6/MCU/ARM_GCC_Support/ewl/lib/armv6-m\librt.a(__arm_eabi_init.o)

.debug_loc      0x00000000     0x62ed
 .debug_loc     0x00000000       0xe0 ./Generated_Code/TimerIntLdd1.o
 .debug_loc     0x000000e0       0x38 ./Generated_Code/Timer1.o
 .debug_loc     0x00000118      0x230 ./Generated_Code/TU3.o
 .debug_loc     0x00000348      0x1c0 ./Generated_Code/TU2.o
 .debug_loc     0x00000508      0x150 ./Generated_Code/TU1.o
 .debug_loc     0x00000658      0x1f8 ./Generated_Code/PwmLdd1.o
 .debug_loc     0x00000850       0x38 ./Generated_Code/PWM1.o
 .debug_loc     0x00000888       0x9c ./Generated_Code/PE_LDD.o
 .debug_loc     0x00000924      0x268 ./Generated_Code/IntI2cLdd1.o
 .debug_loc     0x00000b8c      0x232 ./Generated_Code/IntFlashLdd1.o
 .debug_loc     0x00000dbe      0x10c ./Generated_Code/IIC.o
 .debug_loc     0x00000eca      0x35c ./Generated_Code/IFsh1.o
 .debug_loc     0x00001226      0x150 ./Generated_Code/GPIO3.o
 .debug_loc     0x00001376      0x150 ./Generated_Code/GPIO2.o
 .debug_loc     0x000014c6      0x150 ./Generated_Code/GPIO1.o
 .debug_loc     0x00001616       0x2c ./Generated_Code/Cpu.o
 .debug_loc     0x00001642      0x1f8 ./Generated_Code/BitIoLdd4.o
 .debug_loc     0x0000183a      0x1f8 ./Generated_Code/BitIoLdd3.o
 .debug_loc     0x00001a32      0x150 ./Generated_Code/BitIoLdd2.o
 .debug_loc     0x00001b82      0x150 ./Generated_Code/AS1.o
 .debug_loc     0x00001cd2       0x2c ./Project_Settings/Startup_Code/__arm_start.o
 .debug_loc     0x00001cfe       0x38 ./Project_Settings/Startup_Code/__arm_end.o
 .debug_loc     0x00001d36       0x9c ./Sources/hardware/uart0_master.o
 .debug_loc     0x00001dd2      0x368 ./Sources/hardware/timer.o
 .debug_loc     0x0000213a       0x64 ./Sources/hardware/led.o
 .debug_loc     0x0000219e       0x9c ./Sources/hardware/i2c.o
 .debug_loc     0x0000223a       0x9c ./Sources/hardware/gpio.o
 .debug_loc     0x000022d6      0x10c ./Sources/hardware/flash.o
 .debug_loc     0x000023e2       0x9c ./Sources/hardware/adc.o
 .debug_loc     0x0000247e       0x64 ./Sources/hardware/HWinit.o
 .debug_loc     0x000024e2       0x38 ./Sources/main.o
 .debug_loc     0x0000251a      0x164 ./Sources/Events.o
 .debug_loc     0x0000267e      0x290 ./Sources/user/statemachine.o
 .debug_loc     0x0000290e      0x3ec ./Sources/user/motor.o
 .debug_loc     0x00002cfa      0x3b0 ./Sources/user/midfunction.o
 .debug_loc     0x000030aa       0x2c ./Sources/user/globalvars.o
 .debug_loc     0x000030d6      0x17c ./Sources/user/error.o
 .debug_loc     0x00003252       0xe0 ./Sources/user/currentbuffer.o
 .debug_loc     0x00003332      0x814 ./Static_Code/System/Vectors.o
 .debug_loc     0x00003b46       0xbc ./Static_Code/System/CPU_Init.o
 .debug_loc     0x00003c02       0x3e D:/work program/CW for MCU 10.6/install/CW MCU v10.6/MCU/ARM_GCC_Support/ewl/lib/armv6-m\libc.a(exit.o)
 .debug_loc     0x00003c40       0x59 D:/work program/CW for MCU 10.6/install/CW MCU v10.6/MCU/ARM_GCC_Support/ewl/lib/armv6-m\libc.a(memcpy.o)
 .debug_loc     0x00003c99       0x6f D:/work program/CW for MCU 10.6/install/CW MCU v10.6/MCU/ARM_GCC_Support/ewl/lib/armv6-m\libc.a(memset.o)
 .debug_loc     0x00003d08     0x104b D:/work program/CW for MCU 10.6/install/CW MCU v10.6/MCU/ARM_GCC_Support/ewl/lib/armv6-m\libc.a(printformat_.o)
 .debug_loc     0x00004d53      0x9d8 D:/work program/CW for MCU 10.6/install/CW MCU v10.6/MCU/ARM_GCC_Support/ewl/lib/armv6-m\libc.a(scanformat_.o)
 .debug_loc     0x0000572b      0x30d D:/work program/CW for MCU 10.6/install/CW MCU v10.6/MCU/ARM_GCC_Support/ewl/lib/armv6-m\libc.a(ctype_aeabi.o)
 .debug_loc     0x00005a38      0x305 D:/work program/CW for MCU 10.6/install/CW MCU v10.6/MCU/ARM_GCC_Support/ewl/lib/armv6-m\libc.a(__strtoul.o)
 .debug_loc     0x00005d3d      0x14a D:/work program/CW for MCU 10.6/install/CW MCU v10.6/MCU/ARM_GCC_Support/ewl/lib/armv6-m\libc.a(__filll_mem.o)
 .debug_loc     0x00005e87       0x77 D:/work program/CW for MCU 10.6/install/CW MCU v10.6/MCU/ARM_GCC_Support/ewl/lib/armv6-m\libc.a(memchr.o)
 .debug_loc     0x00005efe       0xaf D:/work program/CW for MCU 10.6/install/CW MCU v10.6/MCU/ARM_GCC_Support/ewl/lib/armv6-m\libc.a(strchr.o)
 .debug_loc     0x00005fad       0x33 D:/work program/CW for MCU 10.6/install/CW MCU v10.6/MCU/ARM_GCC_Support/ewl/lib/armv6-m\libc.a(strlen.o)
 .debug_loc     0x00005fe0       0x9d D:/work program/CW for MCU 10.6/install/CW MCU v10.6/MCU/ARM_GCC_Support/ewl/lib/armv6-m\librt.a(gcc_ctor_dtor.o)
 .debug_loc     0x0000607d       0xd9 D:/work program/CW for MCU 10.6/install/CW MCU v10.6/MCU/ARM_GCC_Support/ewl/lib/armv6-m\librt.a(ROMCopy.o)
 .debug_loc     0x00006156      0x197 D:/work program/CW for MCU 10.6/install/CW MCU v10.6/MCU/ARM_GCC_Support/ewl/lib/armv6-m\librt.a(__arm_eabi_init.o)

.debug_aranges  0x00000000      0xfb0
 .debug_aranges
                0x00000000       0x38 ./Generated_Code/TimerIntLdd1.o
 .debug_aranges
                0x00000038       0x20 ./Generated_Code/Timer1.o
 .debug_aranges
                0x00000058       0x68 ./Generated_Code/TU3.o
 .debug_aranges
                0x000000c0       0x58 ./Generated_Code/TU2.o
 .debug_aranges
                0x00000118       0x48 ./Generated_Code/TU1.o
 .debug_aranges
                0x00000160       0x60 ./Generated_Code/PwmLdd1.o
 .debug_aranges
                0x000001c0       0x20 ./Generated_Code/PWM1.o
 .debug_aranges
                0x000001e0       0x30 ./Generated_Code/PE_LDD.o
 .debug_aranges
                0x00000210       0x70 ./Generated_Code/IntI2cLdd1.o
 .debug_aranges
                0x00000280       0x68 ./Generated_Code/IntFlashLdd1.o
 .debug_aranges
                0x000002e8       0x40 ./Generated_Code/IIC.o
 .debug_aranges
                0x00000328       0x98 ./Generated_Code/IFsh1.o
 .debug_aranges
                0x000003c0       0x48 ./Generated_Code/GPIO3.o
 .debug_aranges
                0x00000408       0x48 ./Generated_Code/GPIO2.o
 .debug_aranges
                0x00000450       0x48 ./Generated_Code/GPIO1.o
 .debug_aranges
                0x00000498       0x20 ./Generated_Code/Cpu.o
 .debug_aranges
                0x000004b8       0x60 ./Generated_Code/BitIoLdd4.o
 .debug_aranges
                0x00000518       0x60 ./Generated_Code/BitIoLdd3.o
 .debug_aranges
                0x00000578       0x48 ./Generated_Code/BitIoLdd2.o
 .debug_aranges
                0x000005c0       0x48 ./Generated_Code/AS1.o
 .debug_aranges
                0x00000608       0x30 ./Project_Settings/Startup_Code/__arm_start.o
 .debug_aranges
                0x00000638       0x20 ./Project_Settings/Startup_Code/__arm_end.o
 .debug_aranges
                0x00000658       0x30 ./Sources/hardware/uart0_master.o
 .debug_aranges
                0x00000688       0xb0 ./Sources/hardware/timer.o
 .debug_aranges
                0x00000738       0x28 ./Sources/hardware/led.o
 .debug_aranges
                0x00000760       0x30 ./Sources/hardware/i2c.o
 .debug_aranges
                0x00000790       0x30 ./Sources/hardware/gpio.o
 .debug_aranges
                0x000007c0       0x40 ./Sources/hardware/flash.o
 .debug_aranges
                0x00000800       0x30 ./Sources/hardware/adc.o
 .debug_aranges
                0x00000830       0x28 ./Sources/hardware/HWinit.o
 .debug_aranges
                0x00000858       0x20 ./Sources/main.o
 .debug_aranges
                0x00000878       0x50 ./Sources/Events.o
 .debug_aranges
                0x000008c8       0x80 ./Sources/user/statemachine.o
 .debug_aranges
                0x00000948       0xc8 ./Sources/user/motor.o
 .debug_aranges
                0x00000a10       0xb0 ./Sources/user/midfunction.o
 .debug_aranges
                0x00000ac0       0x20 ./Sources/user/globalvars.o
 .debug_aranges
                0x00000ae0       0x50 ./Sources/user/error.o
 .debug_aranges
                0x00000b30       0x38 ./Sources/user/currentbuffer.o
 .debug_aranges
                0x00000b68      0x190 ./Static_Code/System/Vectors.o
 .debug_aranges
                0x00000cf8       0x38 ./Static_Code/System/CPU_Init.o
 .debug_aranges
                0x00000d30       0x20 D:/work program/CW for MCU 10.6/install/CW MCU v10.6/MCU/ARM_GCC_Support/ewl/lib/armv6-m\libc.a(exit.o)
 .debug_aranges
                0x00000d50       0x20 D:/work program/CW for MCU 10.6/install/CW MCU v10.6/MCU/ARM_GCC_Support/ewl/lib/armv6-m\libc.a(memcpy.o)
 .debug_aranges
                0x00000d70       0x20 D:/work program/CW for MCU 10.6/install/CW MCU v10.6/MCU/ARM_GCC_Support/ewl/lib/armv6-m\libc.a(memset.o)
 .debug_aranges
                0x00000d90       0x28 D:/work program/CW for MCU 10.6/install/CW MCU v10.6/MCU/ARM_GCC_Support/ewl/lib/armv6-m\libc.a(printformat_.o)
 .debug_aranges
                0x00000db8       0x20 D:/work program/CW for MCU 10.6/install/CW MCU v10.6/MCU/ARM_GCC_Support/ewl/lib/armv6-m\libc.a(scanformat_.o)
 .debug_aranges
                0x00000dd8       0x88 D:/work program/CW for MCU 10.6/install/CW MCU v10.6/MCU/ARM_GCC_Support/ewl/lib/armv6-m\libc.a(ctype_aeabi.o)
 .debug_aranges
                0x00000e60       0x20 D:/work program/CW for MCU 10.6/install/CW MCU v10.6/MCU/ARM_GCC_Support/ewl/lib/armv6-m\libc.a(__strtoul.o)
 .debug_aranges
                0x00000e80       0x20 D:/work program/CW for MCU 10.6/install/CW MCU v10.6/MCU/ARM_GCC_Support/ewl/lib/armv6-m\libc.a(__filll_mem.o)
 .debug_aranges
                0x00000ea0       0x20 D:/work program/CW for MCU 10.6/install/CW MCU v10.6/MCU/ARM_GCC_Support/ewl/lib/armv6-m\libc.a(memchr.o)
 .debug_aranges
                0x00000ec0       0x20 D:/work program/CW for MCU 10.6/install/CW MCU v10.6/MCU/ARM_GCC_Support/ewl/lib/armv6-m\libc.a(strchr.o)
 .debug_aranges
                0x00000ee0       0x20 D:/work program/CW for MCU 10.6/install/CW MCU v10.6/MCU/ARM_GCC_Support/ewl/lib/armv6-m\libc.a(strlen.o)
 .debug_aranges
                0x00000f00       0x28 D:/work program/CW for MCU 10.6/install/CW MCU v10.6/MCU/ARM_GCC_Support/ewl/lib/armv6-m\librt.a(gcc_ctor_dtor.o)
 .debug_aranges
                0x00000f28       0x30 D:/work program/CW for MCU 10.6/install/CW MCU v10.6/MCU/ARM_GCC_Support/ewl/lib/armv6-m\librt.a(ROMCopy.o)
 .debug_aranges
                0x00000f58       0x58 D:/work program/CW for MCU 10.6/install/CW MCU v10.6/MCU/ARM_GCC_Support/ewl/lib/armv6-m\librt.a(__arm_eabi_init.o)

.debug_macinfo  0x00000000   0x80fa4d
 .debug_macinfo
                0x00000000    0x33608 ./Generated_Code/TimerIntLdd1.o
 .debug_macinfo
                0x00033608    0x3a036 ./Generated_Code/Timer1.o
 .debug_macinfo
                0x0006d63e    0x33732 ./Generated_Code/TU3.o
 .debug_macinfo
                0x000a0d70    0x3a086 ./Generated_Code/TU2.o
 .debug_macinfo
                0x000dadf6    0x33578 ./Generated_Code/TU1.o
 .debug_macinfo
                0x0010e36e    0x338d6 ./Generated_Code/PwmLdd1.o
 .debug_macinfo
                0x00141c44    0x3a036 ./Generated_Code/PWM1.o
 .debug_macinfo
                0x0017bc7a    0x39ff9 ./Generated_Code/PE_LDD.o
 .debug_macinfo
                0x001b5c73    0x30eb6 ./Generated_Code/IntI2cLdd1.o
 .debug_macinfo
                0x001e6b29    0x32824 ./Generated_Code/IntFlashLdd1.o
 .debug_macinfo
                0x0021934d    0x29f9f ./Generated_Code/IIC.o
 .debug_macinfo
                0x002432ec    0x3a190 ./Generated_Code/IFsh1.o
 .debug_macinfo
                0x0027d47c    0x2e592 ./Generated_Code/GPIO3.o
 .debug_macinfo
                0x002aba0e    0x2e636 ./Generated_Code/GPIO2.o
 .debug_macinfo
                0x002da044    0x2e828 ./Generated_Code/GPIO1.o
 .debug_macinfo
                0x0030886c    0x3a061 ./Generated_Code/Cpu.o
 .debug_macinfo
                0x003428cd    0x2add6 ./Generated_Code/BitIoLdd4.o
 .debug_macinfo
                0x0036d6a3    0x2add0 ./Generated_Code/BitIoLdd3.o
 .debug_macinfo
                0x00398473    0x2ad68 ./Generated_Code/BitIoLdd2.o
 .debug_macinfo
                0x003c31db    0x41404 ./Generated_Code/AS1.o
 .debug_macinfo
                0x004045df     0x3e6d ./Project_Settings/Startup_Code/__arm_start.o
 .debug_macinfo
                0x0040844c     0x3456 ./Project_Settings/Startup_Code/__arm_end.o
 .debug_macinfo
                0x0040b8a2    0x29e62 ./Sources/hardware/uart0_master.o
 .debug_macinfo
                0x00435704    0x33edb ./Sources/hardware/timer.o
 .debug_macinfo
                0x004695df    0x2fca4 ./Sources/hardware/led.o
 .debug_macinfo
                0x00499283    0x29fae ./Sources/hardware/i2c.o
 .debug_macinfo
                0x004c3231    0x2f734 ./Sources/hardware/gpio.o
 .debug_macinfo
                0x004f2965    0x2a258 ./Sources/hardware/flash.o
 .debug_macinfo
                0x0051cbbd    0x28876 ./Sources/hardware/adc.o
 .debug_macinfo
                0x00545433    0x39e04 ./Sources/hardware/HWinit.o
 .debug_macinfo
                0x0057f237    0x8e370 ./Sources/main.o
 .debug_macinfo
                0x0060d5a7    0x8e5ca ./Sources/Events.o
 .debug_macinfo
                0x0069bb71    0x34a42 ./Sources/user/statemachine.o
 .debug_macinfo
                0x006d05b3    0x39ac6 ./Sources/user/motor.o
 .debug_macinfo
                0x0070a079    0x30466 ./Sources/user/midfunction.o
 .debug_macinfo
                0x0073a4df     0xb226 ./Sources/user/globalvars.o
 .debug_macinfo
                0x00745705    0x2bc97 ./Sources/user/error.o
 .debug_macinfo
                0x0077139c    0x29dcf ./Sources/user/currentbuffer.o
 .debug_macinfo
                0x0079b16b    0x3a872 ./Static_Code/System/Vectors.o
 .debug_macinfo
                0x007d59dd    0x3a070 ./Static_Code/System/CPU_Init.o

.debug_line     0x00000000     0xdcd6
 .debug_line    0x00000000      0x453 ./Generated_Code/TimerIntLdd1.o
 .debug_line    0x00000453      0x55a ./Generated_Code/Timer1.o
 .debug_line    0x000009ad      0x4f5 ./Generated_Code/TU3.o
 .debug_line    0x00000ea2      0x601 ./Generated_Code/TU2.o
 .debug_line    0x000014a3      0x478 ./Generated_Code/TU1.o
 .debug_line    0x0000191b      0x4b9 ./Generated_Code/PwmLdd1.o
 .debug_line    0x00001dd4      0x556 ./Generated_Code/PWM1.o
 .debug_line    0x0000232a      0x534 ./Generated_Code/PE_LDD.o
 .debug_line    0x0000285e      0x568 ./Generated_Code/IntI2cLdd1.o
 .debug_line    0x00002dc6      0x541 ./Generated_Code/IntFlashLdd1.o
 .debug_line    0x00003307      0x410 ./Generated_Code/IIC.o
 .debug_line    0x00003717      0x6a9 ./Generated_Code/IFsh1.o
 .debug_line    0x00003dc0      0x47b ./Generated_Code/GPIO3.o
 .debug_line    0x0000423b      0x48a ./Generated_Code/GPIO2.o
 .debug_line    0x000046c5      0x4c5 ./Generated_Code/GPIO1.o
 .debug_line    0x00004b8a      0x5b4 ./Generated_Code/Cpu.o
 .debug_line    0x0000513e      0x48f ./Generated_Code/BitIoLdd4.o
 .debug_line    0x000055cd      0x48f ./Generated_Code/BitIoLdd3.o
 .debug_line    0x00005a5c      0x454 ./Generated_Code/BitIoLdd2.o
 .debug_line    0x00005eb0      0x64d ./Generated_Code/AS1.o
 .debug_line    0x000064fd      0x2e8 ./Project_Settings/Startup_Code/__arm_start.o
 .debug_line    0x000067e5      0x2d2 ./Project_Settings/Startup_Code/__arm_end.o
 .debug_line    0x00006ab7      0x3d7 ./Sources/hardware/uart0_master.o
 .debug_line    0x00006e8e      0x5af ./Sources/hardware/timer.o
 .debug_line    0x0000743d      0x4b6 ./Sources/hardware/led.o
 .debug_line    0x000078f3      0x3c6 ./Sources/hardware/i2c.o
 .debug_line    0x00007cb9      0x46f ./Sources/hardware/gpio.o
 .debug_line    0x00008128      0x3ed ./Sources/hardware/flash.o
 .debug_line    0x00008515      0x2bc ./Sources/hardware/adc.o
 .debug_line    0x000087d1      0x5d1 ./Sources/hardware/HWinit.o
 .debug_line    0x00008da2      0x721 ./Sources/main.o
 .debug_line    0x000094c3      0x780 ./Sources/Events.o
 .debug_line    0x00009c43      0x808 ./Sources/user/statemachine.o
 .debug_line    0x0000a44b      0x6c8 ./Sources/user/motor.o
 .debug_line    0x0000ab13      0x7a2 ./Sources/user/midfunction.o
 .debug_line    0x0000b2b5      0x284 ./Sources/user/globalvars.o
 .debug_line    0x0000b539      0x5ea ./Sources/user/error.o
 .debug_line    0x0000bb23      0x43c ./Sources/user/currentbuffer.o